<html>
<body>
<pre>
<h1>µVision Build Log</h1>
<h2>Project:</h2>
E:\code\keil\handle_radar\USER\LED.uvproj
Project File Date:  02/23/2016

<h2>Output:</h2>
Load "..\\OBJ\\LED.axf" 
Set JLink Project File to "E:\code\keil\handle_radar\USER\JLinkSettings.ini"
* JLink Info: Device "STM32F105RC" selected (256 KB flash, 64 KB RAM).
 
JLink info:
------------
DLL: V4.84a, compiled Apr  4 2014 18:02:19
Firmware: J-Link ARM-OB STM32 compiled Aug 22 2012 19:52:04
Hardware: V7.00
S/N : 20090928 
Feature(s) : RDI,FlashDL,FlashBP,JFlash,GDBFull 
 
* JLink Info: Found SWD-DP with ID 0x1BA01477
* JLink Info: Found SWD-DP with ID 0x1BA01477
* JLink Info: Found Cortex-M3 r1p1, Little endian.
* JLink Info: FPUnit: 6 code (BP) slots and 2 literal slots
* JLink Info: TPIU fitted.
* JLink Info: ETM fitted.
ROMTableAddr = 0xE00FF003
 
Target info:
------------
Device: STM32F105RC
VTarget = 3.300V
State of Pins: 
TCK: 0, TDI: 0, TDO: 1, TMS: 0, TRES: 1, TRST: 1
Hardware-Breakpoints: 6
Software-Breakpoints: 8192
Watchpoints:          4
JTAG speed: 4000 kHz
 
Erase Done.
Programming Done.
Verify OK.
Application running ...
Build target 'Target 1'
compiling infrared.c...
code\module\infrared\src\../inc/infrared.h(7): warning:  #1-D: last line of file ends without a newline
code\module\infrared\src\../inc/infrared.h(7): warning:  #1295-D: Deprecated declaration infrared_init - give arg types
code\module\infrared\src\../inc/infrared_struct.h(18): warning:  #1-D: last line of file ends without a newline
code\module/bluetooth/inc/bluetooth.h(11): warning:  #1295-D: Deprecated declaration send_head - give arg types
code\module\infrared\src\infrared.c(139): warning:  #1-D: last line of file ends without a newline
linking...
Program Size: Code=24800 RO-data=872 RW-data=320 ZI-data=5008  
FromELF: creating hex file...
"..\OBJ\LED.axf" - 0 Error(s), 5 Warning(s).
Load "..\\OBJ\\LED.axf" 
Set JLink Project File to "E:\code\keil\handle_radar\USER\JLinkSettings.ini"
* JLink Info: Device "STM32F105RC" selected (256 KB flash, 64 KB RAM).
 
JLink info:
------------
DLL: V4.84a, compiled Apr  4 2014 18:02:19
Firmware: J-Link ARM-OB STM32 compiled Aug 22 2012 19:52:04
Hardware: V7.00
S/N : 20090928 
Feature(s) : RDI,FlashDL,FlashBP,JFlash,GDBFull 
 
* JLink Info: Found SWD-DP with ID 0x1BA01477
* JLink Info: Found SWD-DP with ID 0x1BA01477
* JLink Info: Found Cortex-M3 r1p1, Little endian.
* JLink Info: FPUnit: 6 code (BP) slots and 2 literal slots
* JLink Info: TPIU fitted.
* JLink Info: ETM fitted.
ROMTableAddr = 0xE00FF003
 
Target info:
------------
Device: STM32F105RC
VTarget = 3.300V
State of Pins: 
TCK: 0, TDI: 0, TDO: 1, TMS: 0, TRES: 1, TRST: 1
Hardware-Breakpoints: 6
Software-Breakpoints: 8192
Watchpoints:          4
JTAG speed: 4000 kHz
 
Erase Done.
Programming Done.
Verify OK.
Application running ...
Build target 'Target 1'
compiling infrared.c...
code\module\infrared\src\../inc/infrared.h(7): warning:  #1-D: last line of file ends without a newline
code\module\infrared\src\../inc/infrared.h(7): warning:  #1295-D: Deprecated declaration infrared_init - give arg types
code\module\infrared\src\../inc/infrared_struct.h(18): warning:  #1-D: last line of file ends without a newline
code\module/bluetooth/inc/bluetooth.h(11): warning:  #1295-D: Deprecated declaration send_head - give arg types
code\module\infrared\src\infrared.c(139): warning:  #1-D: last line of file ends without a newline
linking...
Program Size: Code=24800 RO-data=872 RW-data=320 ZI-data=5008  
FromELF: creating hex file...
"..\OBJ\LED.axf" - 0 Error(s), 5 Warning(s).
Load "..\\OBJ\\LED.axf" 
Set JLink Project File to "E:\code\keil\handle_radar\USER\JLinkSettings.ini"
* JLink Info: Device "STM32F105RC" selected (256 KB flash, 64 KB RAM).
 
JLink info:
------------
DLL: V4.84a, compiled Apr  4 2014 18:02:19
Firmware: J-Link ARM-OB STM32 compiled Aug 22 2012 19:52:04
Hardware: V7.00
S/N : 20090928 
Feature(s) : RDI,FlashDL,FlashBP,JFlash,GDBFull 
 
* JLink Info: Found SWD-DP with ID 0x1BA01477
* JLink Info: Found SWD-DP with ID 0x1BA01477
* JLink Info: Found Cortex-M3 r1p1, Little endian.
* JLink Info: FPUnit: 6 code (BP) slots and 2 literal slots
* JLink Info: TPIU fitted.
* JLink Info: ETM fitted.
ROMTableAddr = 0xE00FF003
 
Target info:
------------
Device: STM32F105RC
VTarget = 3.300V
State of Pins: 
TCK: 0, TDI: 0, TDO: 1, TMS: 0, TRES: 1, TRST: 1
Hardware-Breakpoints: 6
Software-Breakpoints: 8192
Watchpoints:          4
JTAG speed: 4000 kHz
 
Erase Done.
Programming Done.
Verify OK.
Application running ...
