ARM Linker, 5.03 [Build 69] [MDK-ARM Standard]

==============================================================================

Section Cross References

    main.o(.text) refers to delay.o(.text) for SYSTICK_Init
    main.o(.text) refers to infrared_global.o(.data) for infrared
    main.o(.text) refers to bluetooth_global.o(.data) for bluetooth
    radar.o(.text) refers to dflt_clz.o(x$fpl$dflt) for __aeabi_i2d
    radar.o(.text) refers to dmul.o(x$fpl$dmul) for __aeabi_dmul
    radar.o(.text) refers to ddiv.o(x$fpl$ddiv) for __aeabi_ddiv
    radar.o(.text) refers to daddsub_clz.o(x$fpl$dadd) for __aeabi_dadd
    radar.o(.text) refers to d2f.o(x$fpl$d2f) for __aeabi_d2f
    radar.o(.text) refers to daddsub_clz.o(x$fpl$dsub) for __aeabi_dsub
    radar.o(.text) refers to faddsub_clz.o(x$fpl$fadd) for __aeabi_fadd
    radar.o(.text) refers to f2d.o(x$fpl$f2d) for __aeabi_f2d
    radar.o(.text) refers to sin.o(i.sin) for sin
    radar.o(.text) refers to cos.o(i.cos) for cos
    radar.o(.text) refers to rt_memclr_w.o(.text) for __aeabi_memclr4
    radar.o(.text) refers to faddsub_clz.o(x$fpl$fsub) for __aeabi_fsub
    radar.o(.text) refers to fmul.o(x$fpl$fmul) for __aeabi_fmul
    radar.o(.text) refers to sqrt.o(i.sqrt) for sqrt
    radar.o(.text) refers to radar.o(.bss) for radar_data
    radar.o(.text) refers to radar.o(.data) for current_index
    radar.o(.text) refers to steer_global.o(.data) for steer
    radar.o(.text) refers to radar_global.o(.data) for radar
    radar.o(.text) refers to fdiv.o(x$fpl$fdiv) for __aeabi_fdiv
    radar.o(.text) refers to atan.o(i.atan) for atan
    radar.o(.text) refers to fleqf.o(x$fpl$fleqf) for __aeabi_cfcmple
    radar.o(.text) refers to tan.o(i.tan) for tan
    radar.o(.text) refers to daddsub_clz.o(x$fpl$drsb) for __aeabi_drsub
    radar.o(.text) refers to faddsub_clz.o(x$fpl$frsb) for __aeabi_frsub
    radar.o(.text) refers to frleqf.o(x$fpl$frleqf) for __aeabi_cfrcmple
    radar.o(.text) refers to stm32f10x_can.o(.text) for CAN_Transmit
    radar.o(.text) refers to stm32f10x_rcc.o(.text) for RCC_APB2PeriphClockCmd
    radar.o(.text) refers to stm32f10x_gpio.o(.text) for GPIO_Init
    radar.o(.text) refers to misc.o(.text) for NVIC_Init
    radar.o(.text) refers to stm32f10x_usart.o(.text) for USART_ITConfig
    radar.o(.text) refers to delay.o(.text) for delay_ms
    radar_global.o(.data) refers to radar.o(.text) for radar_init
    steer.o(.text) refers to stm32f10x_rcc.o(.text) for RCC_APB1PeriphClockCmd
    steer.o(.text) refers to stm32f10x_gpio.o(.text) for GPIO_Init
    steer.o(.text) refers to stm32f10x_tim.o(.text) for TIM_TimeBaseInit
    steer.o(.text) refers to f2d.o(x$fpl$f2d) for __aeabi_f2d
    steer.o(.text) refers to dmul.o(x$fpl$dmul) for __aeabi_dmul
    steer.o(.text) refers to dfix.o(x$fpl$dfix) for __aeabi_d2iz
    steer.o(.text) refers to steer_global.o(.data) for steer
    steer_global.o(.data) refers to steer.o(.text) for TIM4_Mode_Config
    infrared_global.o(.data) refers to infrared.o(.text) for infrared_init
    infrared.o(.text) refers to misc.o(.text) for NVIC_PriorityGroupConfig
    infrared.o(.text) refers to stm32f10x_rcc.o(.text) for RCC_AHBPeriphClockCmd
    infrared.o(.text) refers to stm32f10x_dma.o(.text) for DMA_DeInit
    infrared.o(.text) refers to stm32f10x_adc.o(.text) for ADC_Init
    infrared.o(.text) refers to stm32f10x_gpio.o(.text) for GPIO_PinRemapConfig
    infrared.o(.text) refers to fflt_clz.o(x$fpl$ffltu) for __aeabi_ui2f
    infrared.o(.text) refers to faddsub_clz.o(x$fpl$fadd) for __aeabi_fadd
    infrared.o(.text) refers to fdiv.o(x$fpl$fdiv) for __aeabi_fdiv
    infrared.o(.text) refers to fleqf.o(x$fpl$fleqf) for __aeabi_cfcmple
    infrared.o(.text) refers to infrared.o(.data) for ADC_ConvertedValue
    infrared.o(.text) refers to infrared_global.o(.data) for infrared
    infrared.o(.text) refers to bluetooth_global.o(.data) for bluetooth
    bluetooth.o(.text) refers to stm32f10x_rcc.o(.text) for RCC_APB1PeriphClockCmd
    bluetooth.o(.text) refers to stm32f10x_gpio.o(.text) for GPIO_PinRemapConfig
    bluetooth.o(.text) refers to stm32f10x_usart.o(.text) for USART_DeInit
    bluetooth.o(.text) refers to misc.o(.text) for NVIC_PriorityGroupConfig
    bluetooth.o(.text) refers to bluetooth_global.o(.data) for bluetooth
    bluetooth_global.o(.data) refers to bluetooth.o(.text) for init
    stm32f10x_usart.o(.text) refers to stm32f10x_rcc.o(.text) for RCC_APB2PeriphResetCmd
    stm32f10x_gpio.o(.text) refers to stm32f10x_rcc.o(.text) for RCC_APB2PeriphResetCmd
    stm32f10x_rcc.o(.text) refers to stm32f10x_rcc.o(.data) for APBAHBPrescTable
    delay.o(.text) refers to misc.o(.text) for NVIC_PriorityGroupConfig
    delay.o(.text) refers to system_stm32f10x.o(.data) for SystemCoreClock
    delay.o(.text) refers to delay.o(.data) for TimingDelay
    can.o(.text) refers to stm32f10x_rcc.o(.text) for RCC_APB2PeriphClockCmd
[...]
    code\driver\delay\src\delay.c            0x00000000   Number         0  delay.o ABSOLUTE
    code\module\bluetooth\src\bluetooth.c    0x00000000   Number         0  bluetooth.o ABSOLUTE
    code\module\bluetooth\src\bluetooth_global.c 0x00000000   Number         0  bluetooth_global.o ABSOLUTE
    code\module\infrared\src\infrared.c      0x00000000   Number         0  infrared.o ABSOLUTE
    code\module\infrared\src\infrared_global.c 0x00000000   Number         0  infrared_global.o ABSOLUTE
    code\module\radar\src\radar.c            0x00000000   Number         0  radar.o ABSOLUTE
    code\module\radar\src\radar_global.c     0x00000000   Number         0  radar_global.o ABSOLUTE
    code\module\steer\src\steer.c            0x00000000   Number         0  steer.o ABSOLUTE
    code\module\steer\src\steer_global.c     0x00000000   Number         0  steer_global.o ABSOLUTE
    dc.s                                     0x00000000   Number         0  dc.o ABSOLUTE
    stm32f10x_it.c                           0x00000000   Number         0  stm32f10x_it.o ABSOLUTE
    system_stm32f10x.c                       0x00000000   Number         0  system_stm32f10x.o ABSOLUTE
    RESET                                    0x08000000   Section      304  startup_stm32f10x_hd.o(RESET)
    !!!main                                  0x08000130   Section        8  __main.o(!!!main)
    !!!scatter                               0x08000138   Section       52  __scatter.o(!!!scatter)
    !!dczerorl2                              0x0800016c   Section       90  __dczerorl2.o(!!dczerorl2)
    !!handler_zi                             0x080001c8   Section       28  __scatter_zi.o(!!handler_zi)
    .ARM.Collect$$libinit$$00000000          0x080001e4   Section        2  libinit.o(.ARM.Collect$$libinit$$00000000)
    .ARM.Collect$$libinit$$00000002          0x080001e6   Section        0  libinit2.o(.ARM.Collect$$libinit$$00000002)
    .ARM.Collect$$libinit$$00000008          0x080001e6   Section        0  libinit2.o(.ARM.Collect$$libinit$$00000008)
    .ARM.Collect$$libinit$$0000000A          0x080001e6   Section        0  libinit2.o(.ARM.Collect$$libinit$$0000000A)
    .ARM.Collect$$libinit$$0000000C          0x080001e6   Section        0  libinit2.o(.ARM.Collect$$libinit$$0000000C)
    .ARM.Collect$$libinit$$0000000F          0x080001e6   Section        0  libinit2.o(.ARM.Collect$$libinit$$0000000F)
    .ARM.Collect$$libinit$$00000011          0x080001e6   Section        0  libinit2.o(.ARM.Collect$$libinit$$00000011)
    .ARM.Collect$$libinit$$00000013          0x080001e6   Section        0  libinit2.o(.ARM.Collect$$libinit$$00000013)
    .ARM.Collect$$libinit$$00000015          0x080001e6   Section        0  libinit2.o(.ARM.Collect$$libinit$$00000015)
    .ARM.Collect$$libinit$$00000017          0x080001e6   Section        0  libinit2.o(.ARM.Collect$$libinit$$00000017)
    .ARM.Collect$$libinit$$00000019          0x080001e6   Section        0  libinit2.o(.ARM.Collect$$libinit$$00000019)
    .ARM.Collect$$libinit$$0000001B          0x080001e6   Section        0  libinit2.o(.ARM.Collect$$libinit$$0000001B)
    .ARM.Collect$$libinit$$0000001D          0x080001e6   Section        0  libinit2.o(.ARM.Collect$$libinit$$0000001D)
    .ARM.Collect$$libinit$$0000001F          0x080001e6   Section        0  libinit2.o(.ARM.Collect$$libinit$$0000001F)
    .ARM.Collect$$libinit$$00000021          0x080001e6   Section        0  libinit2.o(.ARM.Collect$$libinit$$00000021)
    .ARM.Collect$$libinit$$00000023          0x080001e6   Section        0  libinit2.o(.ARM.Collect$$libinit$$00000023)
    .ARM.Collect$$libinit$$0000002A          0x080001e6   Section        0  libinit2.o(.ARM.Collect$$libinit$$0000002A)
    .ARM.Collect$$libinit$$0000002C          0x080001e6   Section        0  libinit2.o(.ARM.Collect$$libinit$$0000002C)
    .ARM.Collect$$libinit$$0000002E          0x080001e6   Section        0  libinit2.o(.ARM.Collect$$libinit$$0000002E)
    .ARM.Collect$$libinit$$00000030          0x080001e6   Section        0  libinit2.o(.ARM.Collect$$libinit$$00000030)
    .ARM.Collect$$libinit$$00000031          0x080001e6   Section        2  libinit2.o(.ARM.Collect$$libinit$$00000031)
    .ARM.Collect$$libshutdown$$00000000      0x080001e8   Section        2  libshutdown.o(.ARM.Collect$$libshutdown$$00000000)
    .ARM.Collect$$libshutdown$$00000003      0x080001ea   Section        0  libshutdown2.o(.ARM.Collect$$libshutdown$$00000003)
    .ARM.Collect$$libshutdown$$00000006      0x080001ea   Section        0  libshutdown2.o(.ARM.Collect$$libshutdown$$00000006)
    .ARM.Collect$$libshutdown$$00000009      0x080001ea   Section        0  libshutdown2.o(.ARM.Collect$$libshutdown$$00000009)
    .ARM.Collect$$libshutdown$$0000000B      0x080001ea   Section        0  libshutdown2.o(.ARM.Collect$$libshutdown$$0000000B)
    .ARM.Collect$$libshutdown$$0000000E      0x080001ea   Section        0  libshutdown2.o(.ARM.Collect$$libshutdown$$0000000E)
    .ARM.Collect$$libshutdown$$0000000F      0x080001ea   Section        2  libshutdown2.o(.ARM.Collect$$libshutdown$$0000000F)
    .ARM.Collect$$rtentry$$00000000          0x080001ec   Section        0  rtentry.o(.ARM.Collect$$rtentry$$00000000)
    .ARM.Collect$$rtentry$$00000002          0x080001ec   Section        0  rtentry2.o(.ARM.Collect$$rtentry$$00000002)
    .ARM.Collect$$rtentry$$00000004          0x080001ec   Section        6  rtentry4.o(.ARM.Collect$$rtentry$$00000004)
    .ARM.Collect$$rtentry$$00000009          0x080001f2   Section        0  rtentry2.o(.ARM.Collect$$rtentry$$00000009)
    .ARM.Collect$$rtentry$$0000000A          0x080001f2   Section        4  rtentry2.o(.ARM.Collect$$rtentry$$0000000A)
    .ARM.Collect$$rtentry$$0000000C          0x080001f6   Section        0  rtentry2.o(.ARM.Collect$$rtentry$$0000000C)
    .ARM.Collect$$rtentry$$0000000D          0x080001f6   Section        8  rtentry2.o(.ARM.Collect$$rtentry$$0000000D)
    .ARM.Collect$$rtexit$$00000000           0x080001fe   Section        2  rtexit.o(.ARM.Collect$$rtexit$$00000000)
    .ARM.Collect$$rtexit$$00000002           0x08000200   Section        0  rtexit2.o(.ARM.Collect$$rtexit$$00000002)
    .ARM.Collect$$rtexit$$00000003           0x08000200   Section        4  rtexit2.o(.ARM.Collect$$rtexit$$00000003)
    .ARM.Collect$$rtexit$$00000004           0x08000204   Section        6  rtexit2.o(.ARM.Collect$$rtexit$$00000004)
    .text                                    0x0800020c   Section        0  main.o(.text)
    .text                                    0x08000230   Section        0  radar.o(.text)
    .text                                    0x08000e5c   Section        0  steer.o(.text)
    .text                                    0x08000f60   Section        0  infrared.o(.text)
    .text                                    0x080011c0   Section        0  bluetooth.o(.text)
    .text                                    0x080012e8   Section        0  stm32f10x_usart.o(.text)
    .text                                    0x08001704   Section        0  stm32f10x_gpio.o(.text)
    .text                                    0x08001a5c   Section        0  stm32f10x_rcc.o(.text)
    .text                                    0x08001e00   Section        0  misc.o(.text)
    .text                                    0x08001edc   Section        0  delay.o(.text)
    NVIC_SetPriority                         0x08001edd   Thumb Code    32  delay.o(.text)
    .text                                    0x08001fac   Section        0  can.o(.text)
    .text                                    0x0800213c   Section        0  stm32f10x_tim.o(.text)
    TI4_Config                               0x080025e3   Thumb Code   130  stm32f10x_tim.o(.text)
    TI3_Config                               0x08002677   Thumb Code   122  stm32f10x_tim.o(.text)
    TI2_Config                               0x0800270b   Thumb Code   130  stm32f10x_tim.o(.text)
    TI1_Config                               0x0800279f   Thumb Code   108  stm32f10x_tim.o(.text)
    .text                                    0x08002f58   Section        0  stm32f10x_adc.o(.text)
    .text                                    0x080033a8   Section        0  stm32f10x_dma.o(.text)
    .text                                    0x080035f8   Section        0  system_stm32f10x.o(.text)
    SetSysClockTo72                          0x080035f9   Thumb Code   212  system_stm32f10x.o(.text)
    SetSysClock                              0x080036cd   Thumb Code     8  system_stm32f10x.o(.text)
    .text                                    0x080037d4   Section        0  stm32f10x_it.o(.text)
    .text                                    0x080037e0   Section       64  startup_stm32f10x_hd.o(.text)
    .text                                    0x08003820   Section        0  stm32f10x_can.o(.text)
    CheckITStatus                            0x08004023   Thumb Code    16  stm32f10x_can.o(.text)
    .text                                    0x0800420c   Section       78  rt_memclr_w.o(.text)
    .text                                    0x0800425a   Section        0  heapauxi.o(.text)
    .text                                    0x08004260   Section        0  _rserrno.o(.text)
    .text                                    0x08004278   Section        8  rt_errno_addr_intlibspace.o(.text)
    .text                                    0x08004280   Section        8  libspace.o(.text)
    .text                                    0x08004288   Section       74  sys_stackheap_outer.o(.text)
    .text                                    0x080042d2   Section        0  exit.o(.text)
    .text                                    0x080042e0   Section        0  sys_exit.o(.text)
    .text                                    0x080042ec   Section        2  use_no_semi.o(.text)
    .text                                    0x080042ee   Section        0  indicate_semi.o(.text)
    i.__ARM_fpclassify                       0x080042ee   Section        0  fpclassify.o(i.__ARM_fpclassify)
    i.__ieee754_rem_pio2                     0x08004318   Section        0  rred.o(i.__ieee754_rem_pio2)
    i.__kernel_cos                           0x080046a0   Section        0  cos_i.o(i.__kernel_cos)
    i.__kernel_poly                          0x0800479c   Section        0  poly.o(i.__kernel_poly)
    i.__kernel_sin                           0x08004848   Section        0  sin_i.o(i.__kernel_sin)
    i.__kernel_tan                           0x08004934   Section        0  tan_i.o(i.__kernel_tan)
    i.__mathlib_dbl_underflow                0x08004bac   Section        0  dunder.o(i.__mathlib_dbl_underflow)
    i.atan                                   0x08004bbc   Section        0  atan.o(i.atan)
    i.cos                                    0x08004de0   Section        0  cos.o(i.cos)
    i.sin                                    0x08004e8c   Section        0  sin.o(i.sin)
    i.sqrt                                   0x08004f3c   Section        0  sqrt.o(i.sqrt)
    i.tan                                    0x08004f88   Section        0  tan.o(i.tan)
    x$fpl$d2f                                0x08004ffc   Section       98  d2f.o(x$fpl$d2f)
    x$fpl$dadd                               0x08005060   Section      336  daddsub_clz.o(x$fpl$dadd)
    _dadd1                                   0x08005071   Thumb Code     0  daddsub_clz.o(x$fpl$dadd)
    x$fpl$dcheck1                            0x080051b0   Section       16  dcheck1.o(x$fpl$dcheck1)
    x$fpl$ddiv                               0x080051c0   Section      688  ddiv.o(x$fpl$ddiv)
    ddiv_entry                               0x080051c7   Thumb Code     0  ddiv.o(x$fpl$ddiv)
    x$fpl$dfix                               0x08005470   Section       94  dfix.o(x$fpl$dfix)
    x$fpl$dflt                               0x080054ce   Section       46  dflt_clz.o(x$fpl$dflt)
    x$fpl$dfltu                              0x080054fc   Section       38  dflt_clz.o(x$fpl$dfltu)
    x$fpl$dmul                               0x08005524   Section      340  dmul.o(x$fpl$dmul)
    x$fpl$dnaninf                            0x08005678   Section      156  dnaninf.o(x$fpl$dnaninf)
    x$fpl$dretinf                            0x08005714   Section       12  dretinf.o(x$fpl$dretinf)
    x$fpl$drsb                               0x08005720   Section       22  daddsub_clz.o(x$fpl$drsb)
    x$fpl$dsqrt                              0x08005738   Section      460  dsqrt_noumaal.o(x$fpl$dsqrt)
    x$fpl$dsub                               0x08005904   Section      468  daddsub_clz.o(x$fpl$dsub)
    _dsub1                                   0x08005915   Thumb Code     0  daddsub_clz.o(x$fpl$dsub)
    x$fpl$f2d                                0x08005ad8   Section       86  f2d.o(x$fpl$f2d)
    x$fpl$fadd                               0x08005b30   Section      196  faddsub_clz.o(x$fpl$fadd)
    _fadd1                                   0x08005b3f   Thumb Code     0  faddsub_clz.o(x$fpl$fadd)
    x$fpl$fcmpinf                            0x08005bf4   Section       24  fcmpi.o(x$fpl$fcmpinf)
    x$fpl$fdiv                               0x08005c0c   Section      388  fdiv.o(x$fpl$fdiv)
    _fdiv1                                   0x08005c0d   Thumb Code     0  fdiv.o(x$fpl$fdiv)
    x$fpl$ffltu                              0x08005d90   Section       38  fflt_clz.o(x$fpl$ffltu)
    x$fpl$fleqf                              0x08005db8   Section      104  fleqf.o(x$fpl$fleqf)
    x$fpl$fmul                               0x08005e20   Section      258  fmul.o(x$fpl$fmul)
    x$fpl$fnaninf                            0x08005f22   Section      140  fnaninf.o(x$fpl$fnaninf)
    x$fpl$fretinf                            0x08005fae   Section       10  fretinf.o(x$fpl$fretinf)
    x$fpl$frleqf                             0x08005fb8   Section       98  frleqf.o(x$fpl$frleqf)
    x$fpl$frsb                               0x0800601a   Section       20  faddsub_clz.o(x$fpl$frsb)
    x$fpl$fsub                               0x08006030   Section      234  faddsub_clz.o(x$fpl$fsub)
    _fsub1                                   0x0800603f   Thumb Code     0  faddsub_clz.o(x$fpl$fsub)
    x$fpl$retnan                             0x0800611a   Section      100  retnan.o(x$fpl$retnan)
    x$fpl$scalbn                             0x0800617e   Section       92  scalbn.o(x$fpl$scalbn)
    x$fpl$trapveneer                         0x080061da   Section       48  trapv.o(x$fpl$trapveneer)
    x$fpl$usenofp                            0x0800620a   Section        0  usenofp.o(x$fpl$usenofp)
    .constdata                               0x08006210   Section      152  atan.o(.constdata)
    atanhi                                   0x08006210   Data          32  atan.o(.constdata)
    atanlo                                   0x08006230   Data          32  atan.o(.constdata)
    aTodd                                    0x08006250   Data          40  atan.o(.constdata)
    aTeven                                   0x08006278   Data          48  atan.o(.constdata)
    .constdata                               0x080062a8   Section       48  cos_i.o(.constdata)
    C                                        0x080062a8   Data          48  cos_i.o(.constdata)
    .constdata                               0x080062d8   Section      200  rred.o(.constdata)
    pio2s                                    0x080062d8   Data          48  rred.o(.constdata)
    twooverpi                                0x08006308   Data         152  rred.o(.constdata)
    .constdata                               0x080063a0   Section       40  sin_i.o(.constdata)
    S                                        0x080063a0   Data          40  sin_i.o(.constdata)
    .constdata                               0x080063c8   Section       96  tan_i.o(.constdata)
    Todd                                     0x080063c8   Data          48  tan_i.o(.constdata)
    Teven                                    0x080063f8   Data          48  tan_i.o(.constdata)
    .data                                    0x20000000   Section      109  radar.o(.data)
    current_index                            0x20000000   Data           2  radar.o(.data)
    line_index                               0x20000002   Data           2  radar.o(.data)
    distance                                 0x20000004   Data           2  radar.o(.data)
    island                                   0x20000008   Data          96  radar.o(.data)
    count                                    0x20000068   Data           4  radar.o(.data)
    dir                                      0x2000006c   Data           1  radar.o(.data)
    .data                                    0x20000070   Section       88  radar_global.o(.data)
    .data                                    0x200000c8   Section       20  steer_global.o(.data)
    .data                                    0x200000dc   Section       12  infrared_global.o(.data)
    .data                                    0x200000e8   Section       24  infrared.o(.data)
    count                                    0x200000e8   Data           1  infrared.o(.data)
    sum1                                     0x200000ec   Data           4  infrared.o(.data)
    sum2                                     0x200000f0   Data           4  infrared.o(.data)
    sensor_r                                 0x200000f4   Data           4  infrared.o(.data)
    sensor_l                                 0x200000f8   Data           4  infrared.o(.data)
    ADC_ConvertedValue                       0x200000fc   Data           4  infrared.o(.data)
    .data                                    0x20000100   Section       20  bluetooth_global.o(.data)
    .data                                    0x20000114   Section       20  stm32f10x_rcc.o(.data)
    APBAHBPrescTable                         0x20000114   Data          16  stm32f10x_rcc.o(.data)
    ADCPrescTable                            0x20000124   Data           4  stm32f10x_rcc.o(.data)
    .data                                    0x20000128   Section        4  delay.o(.data)
    .data                                    0x2000012c   Section       20  system_stm32f10x.o(.data)
    .bss                                     0x20000140   Section     3376  radar.o(.bss)
    radar_raw_data                           0x20000140   Data        1056  radar.o(.bss)
    radar_data                               0x20000560   Data         120  radar.o(.bss)
    dis                                      0x200005d8   Data        2200  radar.o(.bss)
    .bss                                     0x20000e70   Section       96  libspace.o(.bss)
    HEAP                                     0x20000ed0   Section      512  startup_stm32f10x_hd.o(HEAP)
    Heap_Mem                                 0x20000ed0   Data         512  startup_stm32f10x_hd.o(HEAP)
    STACK                                    0x200010d0   Section     1024  startup_stm32f10x_hd.o(STACK)
    Stack_Mem                                0x200010d0   Data        1024  startup_stm32f10x_hd.o(STACK)
    __initial_sp                             0x200014d0   Data           0  startup_stm32f10x_hd.o(STACK)

    Global Symbols

    Symbol Name                              Value     Ov Type        Size  Object(Section)

    BuildAttributes$$THM_ISAv4$P$D$K$B$S$PE$A:L22UL41UL21$X:L11$S22US41US21$IEEE1$IW$USESV6$~STKCKD$USESV7$~SHL$OTIME$ROPI$IEEEX$EBA8$UX$STANDARDLIB$REQ8$PRES8$EABIv2 0x00000000   Number         0  anon$$obj.o ABSOLUTE
    __ARM_use_no_argv                        0x00000000   Number         0  main.o ABSOLUTE
    __ARM_exceptions_init                     - Undefined Weak Reference
    __alloca_initialize                       - Undefined Weak Reference
    __cpp_initialize__aeabi_                  - Undefined Weak Reference
    __cxa_finalize                            - Undefined Weak Reference
    __rt_locale                               - Undefined Weak Reference
    __sigvec_lookup                           - Undefined Weak Reference
    _atexit_init                              - Undefined Weak Reference
    _call_atexit_fns                          - Undefined Weak Reference
    _clock_init                               - Undefined Weak Reference
    _fp_trap_init                             - Undefined Weak Reference
    _fp_trap_shutdown                         - Undefined Weak Reference
    _get_lc_collate                           - Undefined Weak Reference
    _get_lc_ctype                             - Undefined Weak Reference
    _get_lc_monetary                          - Undefined Weak Reference
    _get_lc_numeric                           - Undefined Weak Reference
    _get_lc_time                              - Undefined Weak Reference
    _getenv_init                              - Undefined Weak Reference
    _handle_redirection                       - Undefined Weak Reference
    _init_alloc                               - Undefined Weak Reference
    _init_user_alloc                          - Undefined Weak Reference
    _initio                                   - Undefined Weak Reference
    _rand_init                                - Undefined Weak Reference
    _signal_finish                            - Undefined Weak Reference
    _signal_init                              - Undefined Weak Reference
    _terminate_alloc                          - Undefined Weak Reference
    _terminate_user_alloc                     - Undefined Weak Reference
    _terminateio                              - Undefined Weak Reference
    __Vectors_Size                           0x00000130   Number         0  startup_stm32f10x_hd.o ABSOLUTE
    __Vectors                                0x08000000   Data           4  startup_stm32f10x_hd.o(RESET)
    __Vectors_End                            0x08000130   Data           0  startup_stm32f10x_hd.o(RESET)
    __main                                   0x08000131   Thumb Code     8  __main.o(!!!main)
    __scatterload                            0x08000139   Thumb Code     0  __scatter.o(!!!scatter)
    __scatterload_rt2                        0x08000139   Thumb Code    44  __scatter.o(!!!scatter)
    __scatterload_rt2_thumb_only             0x08000139   Thumb Code     0  __scatter.o(!!!scatter)
    __scatterload_null                       0x08000147   Thumb Code     0  __scatter.o(!!!scatter)
    __decompress                             0x0800016d   Thumb Code    90  __dczerorl2.o(!!dczerorl2)
    __decompress1                            0x0800016d   Thumb Code     0  __dczerorl2.o(!!dczerorl2)
    __scatterload_zeroinit                   0x080001c9   Thumb Code    28  __scatter_zi.o(!!handler_zi)
    __rt_lib_init                            0x080001e5   Thumb Code     0  libinit.o(.ARM.Collect$$libinit$$00000000)
    __rt_lib_init_alloca_1                   0x080001e7   Thumb Code     0  libinit2.o(.ARM.Collect$$libinit$$0000002C)
    __rt_lib_init_argv_1                     0x080001e7   Thumb Code     0  libinit2.o(.ARM.Collect$$libinit$$0000002A)
    __rt_lib_init_atexit_1                   0x080001e7   Thumb Code     0  libinit2.o(.ARM.Collect$$libinit$$00000019)
    __rt_lib_init_clock_1                    0x080001e7   Thumb Code     0  libinit2.o(.ARM.Collect$$libinit$$0000001F)
    __rt_lib_init_cpp_1                      0x080001e7   Thumb Code     0  libinit2.o(.ARM.Collect$$libinit$$00000030)
    __rt_lib_init_exceptions_1               0x080001e7   Thumb Code     0  libinit2.o(.ARM.Collect$$libinit$$0000002E)
    __rt_lib_init_fp_1                       0x080001e7   Thumb Code     0  libinit2.o(.ARM.Collect$$libinit$$00000002)
    __rt_lib_init_fp_trap_1                  0x080001e7   Thumb Code     0  libinit2.o(.ARM.Collect$$libinit$$0000001D)
    __rt_lib_init_getenv_1                   0x080001e7   Thumb Code     0  libinit2.o(.ARM.Collect$$libinit$$00000021)
    __rt_lib_init_heap_1                     0x080001e7   Thumb Code     0  libinit2.o(.ARM.Collect$$libinit$$00000008)
    __rt_lib_init_lc_collate_1               0x080001e7   Thumb Code     0  libinit2.o(.ARM.Collect$$libinit$$0000000F)
    __rt_lib_init_lc_ctype_1                 0x080001e7   Thumb Code     0  libinit2.o(.ARM.Collect$$libinit$$00000011)
    __rt_lib_init_lc_monetary_1              0x080001e7   Thumb Code     0  libinit2.o(.ARM.Collect$$libinit$$00000013)
    __rt_lib_init_lc_numeric_1               0x080001e7   Thumb Code     0  libinit2.o(.ARM.Collect$$libinit$$00000015)
    __rt_lib_init_lc_time_1                  0x080001e7   Thumb Code     0  libinit2.o(.ARM.Collect$$libinit$$00000017)
    __rt_lib_init_rand_1                     0x080001e7   Thumb Code     0  libinit2.o(.ARM.Collect$$libinit$$0000000C)
    __rt_lib_init_return                     0x080001e7   Thumb Code     0  libinit2.o(.ARM.Collect$$libinit$$00000031)
    __rt_lib_init_signal_1                   0x080001e7   Thumb Code     0  libinit2.o(.ARM.Collect$$libinit$$0000001B)
    __rt_lib_init_stdio_1                    0x080001e7   Thumb Code     0  libinit2.o(.ARM.Collect$$libinit$$00000023)
    __rt_lib_init_user_alloc_1               0x080001e7   Thumb Code     0  libinit2.o(.ARM.Collect$$libinit$$0000000A)
    __rt_lib_shutdown                        0x080001e9   Thumb Code     0  libshutdown.o(.ARM.Collect$$libshutdown$$00000000)
    __rt_lib_shutdown_fp_trap_1              0x080001eb   Thumb Code     0  libshutdown2.o(.ARM.Collect$$libshutdown$$00000006)
    __rt_lib_shutdown_heap_1                 0x080001eb   Thumb Code     0  libshutdown2.o(.ARM.Collect$$libshutdown$$0000000E)
    __rt_lib_shutdown_return                 0x080001eb   Thumb Code     0  libshutdown2.o(.ARM.Collect$$libshutdown$$0000000F)
    __rt_lib_shutdown_signal_1               0x080001eb   Thumb Code     0  libshutdown2.o(.ARM.Collect$$libshutdown$$00000009)
    __rt_lib_shutdown_stdio_1                0x080001eb   Thumb Code     0  libshutdown2.o(.ARM.Collect$$libshutdown$$00000003)
    __rt_lib_shutdown_user_alloc_1           0x080001eb   Thumb Code     0  libshutdown2.o(.ARM.Collect$$libshutdown$$0000000B)
    __rt_entry                               0x080001ed   Thumb Code     0  rtentry.o(.ARM.Collect$$rtentry$$00000000)
    __rt_entry_presh_1                       0x080001ed   Thumb Code     0  rtentry2.o(.ARM.Collect$$rtentry$$00000002)
    __rt_entry_sh                            0x080001ed   Thumb Code     0  rtentry4.o(.ARM.Collect$$rtentry$$00000004)
    __rt_entry_li                            0x080001f3   Thumb Code     0  rtentry2.o(.ARM.Collect$$rtentry$$0000000A)
    __rt_entry_postsh_1                      0x080001f3   Thumb Code     0  rtentry2.o(.ARM.Collect$$rtentry$$00000009)
    __rt_entry_main                          0x080001f7   Thumb Code     0  rtentry2.o(.ARM.Collect$$rtentry$$0000000D)
    __rt_entry_postli_1                      0x080001f7   Thumb Code     0  rtentry2.o(.ARM.Collect$$rtentry$$0000000C)
    __rt_exit                                0x080001ff   Thumb Code     0  rtexit.o(.ARM.Collect$$rtexit$$00000000)
    __rt_exit_ls                             0x08000201   Thumb Code     0  rtexit2.o(.ARM.Collect$$rtexit$$00000003)
    __rt_exit_prels_1                        0x08000201   Thumb Code     0  rtexit2.o(.ARM.Collect$$rtexit$$00000002)
    __rt_exit_exit                           0x08000205   Thumb Code     0  rtexit2.o(.ARM.Collect$$rtexit$$00000004)
    main                                     0x0800020d   Thumb Code    26  main.o(.text)
    update                                   0x08000231   Thumb Code   356  radar.o(.text)
    get_angle                                0x08000395   Thumb Code    52  radar.o(.text)
    rotate                                   0x080003c9   Thumb Code   224  radar.o(.text)
    get_coordinate                           0x080004a9   Thumb Code  1972  radar.o(.text)
    uart_init                                0x08000c5d   Thumb Code   170  radar.o(.text)
    radar_init                               0x08000d07   Thumb Code    36  radar.o(.text)
    send_qt                                  0x08000d2b   Thumb Code    32  radar.o(.text)
    send_gs                                  0x08000d4b   Thumb Code    46  radar.o(.text)
    send_bm                                  0x08000d79   Thumb Code    36  radar.o(.text)
    USART3_IRQHandler                        0x08000d9d   Thumb Code   140  radar.o(.text)
    TIM4_GPIO_Config                         0x08000e5d   Thumb Code    48  steer.o(.text)
    TIM4_Mode_Config                         0x08000e8d   Thumb Code   110  steer.o(.text)
    steer_set_angle                          0x08000efb   Thumb Code    86  steer.o(.text)
    NVIC_Configuration                       0x08000f61   Thumb Code    40  infrared.o(.text)
    ADC_Config                               0x08000f89   Thumb Code   250  infrared.o(.text)
    GPIO_Config                              0x08001083   Thumb Code    62  infrared.o(.text)
    infrared_init                            0x080010c1   Thumb Code    16  infrared.o(.text)
    DMA1_Channel1_IRQHandler                 0x080010d1   Thumb Code   184  infrared.o(.text)
    USART_Config                             0x080011c1   Thumb Code   130  bluetooth.o(.text)
    GPIO_config                              0x08001243   Thumb Code    74  bluetooth.o(.text)
    init                                     0x0800128d   Thumb Code    16  bluetooth.o(.text)
    send                                     0x0800129d   Thumb Code    30  bluetooth.o(.text)
    send_head                                0x080012bb   Thumb Code    30  bluetooth.o(.text)
    USART_DeInit                             0x080012e9   Thumb Code   134  stm32f10x_usart.o(.text)
    USART_Init                               0x0800136f   Thumb Code   210  stm32f10x_usart.o(.text)
    USART_StructInit                         0x08001441   Thumb Code    24  stm32f10x_usart.o(.text)
    USART_ClockInit                          0x08001459   Thumb Code    34  stm32f10x_usart.o(.text)
    USART_ClockStructInit                    0x0800147b   Thumb Code    12  stm32f10x_usart.o(.text)
    USART_Cmd                                0x08001487   Thumb Code    24  stm32f10x_usart.o(.text)
    USART_ITConfig                           0x0800149f   Thumb Code    74  stm32f10x_usart.o(.text)
    USART_DMACmd                             0x080014e9   Thumb Code    18  stm32f10x_usart.o(.text)
    USART_SetAddress                         0x080014fb   Thumb Code    18  stm32f10x_usart.o(.text)
    USART_WakeUpConfig                       0x0800150d   Thumb Code    18  stm32f10x_usart.o(.text)
    USART_ReceiverWakeUpCmd                  0x0800151f   Thumb Code    24  stm32f10x_usart.o(.text)
    USART_LINBreakDetectLengthConfig         0x08001537   Thumb Code    18  stm32f10x_usart.o(.text)
    USART_LINCmd                             0x08001549   Thumb Code    24  stm32f10x_usart.o(.text)
    USART_GetFlagStatus                      0x08001561   Thumb Code    26  stm32f10x_usart.o(.text)
    USART_SendData                           0x0800157b   Thumb Code    28  stm32f10x_usart.o(.text)
    USART_ReceiveData                        0x08001597   Thumb Code    10  stm32f10x_usart.o(.text)
    USART_SendBreak                          0x080015a1   Thumb Code    10  stm32f10x_usart.o(.text)
    USART_SetGuardTime                       0x080015ab   Thumb Code    16  stm32f10x_usart.o(.text)
    USART_SetPrescaler                       0x080015bb   Thumb Code    16  stm32f10x_usart.o(.text)
    USART_SmartCardCmd                       0x080015cb   Thumb Code    24  stm32f10x_usart.o(.text)
    USART_SmartCardNACKCmd                   0x080015e3   Thumb Code    24  stm32f10x_usart.o(.text)
    USART_HalfDuplexCmd                      0x080015fb   Thumb Code    24  stm32f10x_usart.o(.text)
    USART_OverSampling8Cmd                   0x08001613   Thumb Code    22  stm32f10x_usart.o(.text)
    USART_OneBitMethodCmd                    0x08001629   Thumb Code    24  stm32f10x_usart.o(.text)
    USART_IrDAConfig                         0x08001641   Thumb Code    18  stm32f10x_usart.o(.text)
    USART_IrDACmd                            0x08001653   Thumb Code    24  stm32f10x_usart.o(.text)
    USART_ClearFlag                          0x0800166b   Thumb Code    18  stm32f10x_usart.o(.text)
    USART_GetITStatus                        0x0800167d   Thumb Code   104  stm32f10x_usart.o(.text)
    USART_ClearITPendingBit                  0x080016e5   Thumb Code    30  stm32f10x_usart.o(.text)
    GPIO_DeInit                              0x08001705   Thumb Code   172  stm32f10x_gpio.o(.text)
    GPIO_AFIODeInit                          0x080017b1   Thumb Code    20  stm32f10x_gpio.o(.text)
    GPIO_Init                                0x080017c5   Thumb Code   274  stm32f10x_gpio.o(.text)
    GPIO_StructInit                          0x080018d7   Thumb Code    16  stm32f10x_gpio.o(.text)
    GPIO_ReadInputDataBit                    0x080018e7   Thumb Code    18  stm32f10x_gpio.o(.text)
    GPIO_ReadInputData                       0x080018f9   Thumb Code     8  stm32f10x_gpio.o(.text)
    GPIO_ReadOutputDataBit                   0x08001901   Thumb Code    18  stm32f10x_gpio.o(.text)
    GPIO_ReadOutputData                      0x08001913   Thumb Code     8  stm32f10x_gpio.o(.text)
    GPIO_SetBits                             0x0800191b   Thumb Code     4  stm32f10x_gpio.o(.text)
    GPIO_ResetBits                           0x0800191f   Thumb Code     4  stm32f10x_gpio.o(.text)
    GPIO_WriteBit                            0x08001923   Thumb Code    10  stm32f10x_gpio.o(.text)
    GPIO_Write                               0x0800192d   Thumb Code     4  stm32f10x_gpio.o(.text)
    GPIO_PinLockConfig                       0x08001931   Thumb Code    18  stm32f10x_gpio.o(.text)
    GPIO_EventOutputConfig                   0x08001943   Thumb Code    26  stm32f10x_gpio.o(.text)
    GPIO_EventOutputCmd                      0x0800195d   Thumb Code     6  stm32f10x_gpio.o(.text)
    GPIO_PinRemapConfig                      0x08001963   Thumb Code   138  stm32f10x_gpio.o(.text)
    GPIO_EXTILineConfig                      0x080019ed   Thumb Code    66  stm32f10x_gpio.o(.text)
    GPIO_ETH_MediaInterfaceConfig            0x08001a2f   Thumb Code     6  stm32f10x_gpio.o(.text)
    RCC_DeInit                               0x08001a5d   Thumb Code    64  stm32f10x_rcc.o(.text)
    RCC_HSEConfig                            0x08001a9d   Thumb Code    70  stm32f10x_rcc.o(.text)
    RCC_GetFlagStatus                        0x08001ae3   Thumb Code    56  stm32f10x_rcc.o(.text)
    RCC_WaitForHSEStartUp                    0x08001b1b   Thumb Code    56  stm32f10x_rcc.o(.text)
    RCC_AdjustHSICalibrationValue            0x08001b53   Thumb Code    20  stm32f10x_rcc.o(.text)
    RCC_HSICmd                               0x08001b67   Thumb Code     6  stm32f10x_rcc.o(.text)
    RCC_PLLConfig                            0x08001b6d   Thumb Code    24  stm32f10x_rcc.o(.text)
    RCC_PLLCmd                               0x08001b85   Thumb Code     6  stm32f10x_rcc.o(.text)
    RCC_SYSCLKConfig                         0x08001b8b   Thumb Code    18  stm32f10x_rcc.o(.text)
    RCC_GetSYSCLKSource                      0x08001b9d   Thumb Code    10  stm32f10x_rcc.o(.text)
    RCC_HCLKConfig                           0x08001ba7   Thumb Code    18  stm32f10x_rcc.o(.text)
    RCC_PCLK1Config                          0x08001bb9   Thumb Code    18  stm32f10x_rcc.o(.text)
    RCC_PCLK2Config                          0x08001bcb   Thumb Code    20  stm32f10x_rcc.o(.text)
    RCC_ITConfig                             0x08001bdf   Thumb Code    26  stm32f10x_rcc.o(.text)
    RCC_USBCLKConfig                         0x08001bf9   Thumb Code     6  stm32f10x_rcc.o(.text)
    RCC_ADCCLKConfig                         0x08001bff   Thumb Code    18  stm32f10x_rcc.o(.text)
    RCC_LSEConfig                            0x08001c11   Thumb Code    44  stm32f10x_rcc.o(.text)
    RCC_LSICmd                               0x08001c3d   Thumb Code     6  stm32f10x_rcc.o(.text)
    RCC_RTCCLKConfig                         0x08001c43   Thumb Code    12  stm32f10x_rcc.o(.text)
    RCC_RTCCLKCmd                            0x08001c4f   Thumb Code     8  stm32f10x_rcc.o(.text)
    RCC_GetClocksFreq                        0x08001c57   Thumb Code   192  stm32f10x_rcc.o(.text)
    RCC_AHBPeriphClockCmd                    0x08001d17   Thumb Code    26  stm32f10x_rcc.o(.text)
    RCC_APB2PeriphClockCmd                   0x08001d31   Thumb Code    26  stm32f10x_rcc.o(.text)
    RCC_APB1PeriphClockCmd                   0x08001d4b   Thumb Code    26  stm32f10x_rcc.o(.text)
    RCC_APB2PeriphResetCmd                   0x08001d65   Thumb Code    26  stm32f10x_rcc.o(.text)
    RCC_APB1PeriphResetCmd                   0x08001d7f   Thumb Code    26  stm32f10x_rcc.o(.text)
    RCC_BackupResetCmd                       0x08001d99   Thumb Code     8  stm32f10x_rcc.o(.text)
    RCC_ClockSecuritySystemCmd               0x08001da1   Thumb Code     6  stm32f10x_rcc.o(.text)
    RCC_MCOConfig                            0x08001da7   Thumb Code     6  stm32f10x_rcc.o(.text)
    RCC_ClearFlag                            0x08001dad   Thumb Code    14  stm32f10x_rcc.o(.text)
    RCC_GetITStatus                          0x08001dbb   Thumb Code    20  stm32f10x_rcc.o(.text)
    RCC_ClearITPendingBit                    0x08001dcf   Thumb Code     6  stm32f10x_rcc.o(.text)
    NVIC_PriorityGroupConfig                 0x08001e01   Thumb Code    10  misc.o(.text)
    NVIC_Init                                0x08001e0b   Thumb Code   102  misc.o(.text)
    NVIC_SetVectorTable                      0x08001e71   Thumb Code    14  misc.o(.text)
    NVIC_SystemLPConfig                      0x08001e7f   Thumb Code    34  misc.o(.text)
    SysTick_CLKSourceConfig                  0x08001ea1   Thumb Code    40  misc.o(.text)
    SYSTICK_Init                             0x08001efd   Thumb Code    84  delay.o(.text)
    TimingDelay_Decrement                    0x08001f51   Thumb Code    18  delay.o(.text)
    SysTick_Handler                          0x08001f63   Thumb Code     8  delay.o(.text)
    delay_us                                 0x08001f6b   Thumb Code    20  delay.o(.text)
    delay_ms                                 0x08001f7f   Thumb Code    20  delay.o(.text)
    DelayS                                   0x08001f93   Thumb Code    10  delay.o(.text)
    Can_GPIO_Config                          0x08001fad   Thumb Code    70  can.o(.text)
    CAN_config_init                          0x08001ff3   Thumb Code   130  can.o(.text)
    Can1_Init                                0x08002075   Thumb Code   110  can.o(.text)
    USB_LP_CAN1_RX0_IRQHandler               0x080020e3   Thumb Code    46  can.o(.text)
    CAN1_RX1_IRQHandler                      0x08002111   Thumb Code    18  can.o(.text)
    Can_SendData                             0x08002123   Thumb Code    14  can.o(.text)
    TIM_DeInit                               0x0800213d   Thumb Code   424  stm32f10x_tim.o(.text)
    TIM_TimeBaseInit                         0x080022e5   Thumb Code   122  stm32f10x_tim.o(.text)
    TIM_OC1Init                              0x0800235f   Thumb Code   132  stm32f10x_tim.o(.text)
    TIM_OC2Init                              0x080023e3   Thumb Code   154  stm32f10x_tim.o(.text)
    TIM_OC3Init                              0x0800247d   Thumb Code   150  stm32f10x_tim.o(.text)
    TIM_OC4Init                              0x08002513   Thumb Code   182  stm32f10x_tim.o(.text)
    TIM_SetIC4Prescaler                      0x080025c9   Thumb Code    26  stm32f10x_tim.o(.text)
    TIM_SetIC3Prescaler                      0x08002665   Thumb Code    18  stm32f10x_tim.o(.text)
    TIM_SetIC2Prescaler                      0x080026f1   Thumb Code    26  stm32f10x_tim.o(.text)
    TIM_SetIC1Prescaler                      0x0800278d   Thumb Code    18  stm32f10x_tim.o(.text)
    TIM_ICInit                               0x0800280b   Thumb Code   150  stm32f10x_tim.o(.text)
    TIM_PWMIConfig                           0x080028a1   Thumb Code   124  stm32f10x_tim.o(.text)
    TIM_BDTRConfig                           0x0800291d   Thumb Code    32  stm32f10x_tim.o(.text)
    TIM_TimeBaseStructInit                   0x0800293d   Thumb Code    18  stm32f10x_tim.o(.text)
    TIM_OCStructInit                         0x0800294f   Thumb Code    20  stm32f10x_tim.o(.text)
    TIM_ICStructInit                         0x08002963   Thumb Code    18  stm32f10x_tim.o(.text)
    TIM_BDTRStructInit                       0x08002975   Thumb Code    40  stm32f10x_tim.o(.text)
    TIM_Cmd                                  0x0800299d   Thumb Code    24  stm32f10x_tim.o(.text)
    TIM_CtrlPWMOutputs                       0x080029b5   Thumb Code    30  stm32f10x_tim.o(.text)
    TIM_ITConfig                             0x080029d3   Thumb Code    18  stm32f10x_tim.o(.text)
    TIM_GenerateEvent                        0x080029e5   Thumb Code     4  stm32f10x_tim.o(.text)
    TIM_DMAConfig                            0x080029e9   Thumb Code    10  stm32f10x_tim.o(.text)
    TIM_DMACmd                               0x080029f3   Thumb Code    18  stm32f10x_tim.o(.text)
    TIM_InternalClockConfig                  0x08002a05   Thumb Code    12  stm32f10x_tim.o(.text)
    TIM_SelectInputTrigger                   0x08002a11   Thumb Code    18  stm32f10x_tim.o(.text)
    TIM_ITRxExternalClockConfig              0x08002a23   Thumb Code    24  stm32f10x_tim.o(.text)
    TIM_TIxExternalClockConfig               0x08002a3b   Thumb Code    62  stm32f10x_tim.o(.text)
    TIM_ETRConfig                            0x08002a79   Thumb Code    28  stm32f10x_tim.o(.text)
    TIM_ETRClockMode1Config                  0x08002a95   Thumb Code    54  stm32f10x_tim.o(.text)
    TIM_ETRClockMode2Config                  0x08002acb   Thumb Code    32  stm32f10x_tim.o(.text)
    TIM_PrescalerConfig                      0x08002aeb   Thumb Code     6  stm32f10x_tim.o(.text)
    TIM_CounterModeConfig                    0x08002af1   Thumb Code    18  stm32f10x_tim.o(.text)
    TIM_EncoderInterfaceConfig               0x08002b03   Thumb Code    66  stm32f10x_tim.o(.text)
    TIM_ForcedOC1Config                      0x08002b45   Thumb Code    18  stm32f10x_tim.o(.text)
    TIM_ForcedOC2Config                      0x08002b57   Thumb Code    26  stm32f10x_tim.o(.text)
    TIM_ForcedOC3Config                      0x08002b71   Thumb Code    18  stm32f10x_tim.o(.text)
    TIM_ForcedOC4Config                      0x08002b83   Thumb Code    26  stm32f10x_tim.o(.text)
    TIM_ARRPreloadConfig                     0x08002b9d   Thumb Code    24  stm32f10x_tim.o(.text)
    TIM_SelectCOM                            0x08002bb5   Thumb Code    24  stm32f10x_tim.o(.text)
    TIM_SelectCCDMA                          0x08002bcd   Thumb Code    24  stm32f10x_tim.o(.text)
    TIM_CCPreloadControl                     0x08002be5   Thumb Code    24  stm32f10x_tim.o(.text)
    TIM_OC1PreloadConfig                     0x08002bfd   Thumb Code    18  stm32f10x_tim.o(.text)
    TIM_OC2PreloadConfig                     0x08002c0f   Thumb Code    26  stm32f10x_tim.o(.text)
    TIM_OC3PreloadConfig                     0x08002c29   Thumb Code    18  stm32f10x_tim.o(.text)
    TIM_OC4PreloadConfig                     0x08002c3b   Thumb Code    26  stm32f10x_tim.o(.text)
    TIM_OC1FastConfig                        0x08002c55   Thumb Code    18  stm32f10x_tim.o(.text)
    TIM_OC2FastConfig                        0x08002c67   Thumb Code    26  stm32f10x_tim.o(.text)
    TIM_OC3FastConfig                        0x08002c81   Thumb Code    18  stm32f10x_tim.o(.text)
    TIM_OC4FastConfig                        0x08002c93   Thumb Code    26  stm32f10x_tim.o(.text)
    TIM_ClearOC1Ref                          0x08002cad   Thumb Code    18  stm32f10x_tim.o(.text)
    TIM_ClearOC2Ref                          0x08002cbf   Thumb Code    24  stm32f10x_tim.o(.text)
    TIM_ClearOC3Ref                          0x08002cd7   Thumb Code    18  stm32f10x_tim.o(.text)
    TIM_ClearOC4Ref                          0x08002ce9   Thumb Code    24  stm32f10x_tim.o(.text)
    TIM_OC1PolarityConfig                    0x08002d01   Thumb Code    18  stm32f10x_tim.o(.text)
    TIM_OC1NPolarityConfig                   0x08002d13   Thumb Code    18  stm32f10x_tim.o(.text)
    TIM_OC2PolarityConfig                    0x08002d25   Thumb Code    26  stm32f10x_tim.o(.text)
    TIM_OC2NPolarityConfig                   0x08002d3f   Thumb Code    26  stm32f10x_tim.o(.text)
    TIM_OC3PolarityConfig                    0x08002d59   Thumb Code    26  stm32f10x_tim.o(.text)
    TIM_OC3NPolarityConfig                   0x08002d73   Thumb Code    26  stm32f10x_tim.o(.text)
    TIM_OC4PolarityConfig                    0x08002d8d   Thumb Code    26  stm32f10x_tim.o(.text)
    TIM_CCxCmd                               0x08002da7   Thumb Code    30  stm32f10x_tim.o(.text)
    TIM_CCxNCmd                              0x08002dc5   Thumb Code    30  stm32f10x_tim.o(.text)
    TIM_SelectOCxM                           0x08002de3   Thumb Code    82  stm32f10x_tim.o(.text)
    TIM_UpdateDisableConfig                  0x08002e35   Thumb Code    24  stm32f10x_tim.o(.text)
    TIM_UpdateRequestConfig                  0x08002e4d   Thumb Code    24  stm32f10x_tim.o(.text)
    TIM_SelectHallSensor                     0x08002e65   Thumb Code    24  stm32f10x_tim.o(.text)
    TIM_SelectOnePulseMode                   0x08002e7d   Thumb Code    18  stm32f10x_tim.o(.text)
    TIM_SelectOutputTrigger                  0x08002e8f   Thumb Code    18  stm32f10x_tim.o(.text)
    TIM_SelectSlaveMode                      0x08002ea1   Thumb Code    18  stm32f10x_tim.o(.text)
    TIM_SelectMasterSlaveMode                0x08002eb3   Thumb Code    18  stm32f10x_tim.o(.text)
    TIM_SetCounter                           0x08002ec5   Thumb Code     4  stm32f10x_tim.o(.text)
    TIM_SetAutoreload                        0x08002ec9   Thumb Code     4  stm32f10x_tim.o(.text)
    TIM_SetCompare1                          0x08002ecd   Thumb Code     4  stm32f10x_tim.o(.text)
    TIM_SetCompare2                          0x08002ed1   Thumb Code     4  stm32f10x_tim.o(.text)
    TIM_SetCompare3                          0x08002ed5   Thumb Code     4  stm32f10x_tim.o(.text)
    TIM_SetCompare4                          0x08002ed9   Thumb Code     6  stm32f10x_tim.o(.text)
    TIM_SetClockDivision                     0x08002edf   Thumb Code    18  stm32f10x_tim.o(.text)
    TIM_GetCapture1                          0x08002ef1   Thumb Code     6  stm32f10x_tim.o(.text)
    TIM_GetCapture2                          0x08002ef7   Thumb Code     6  stm32f10x_tim.o(.text)
    TIM_GetCapture3                          0x08002efd   Thumb Code     6  stm32f10x_tim.o(.text)
    TIM_GetCapture4                          0x08002f03   Thumb Code     8  stm32f10x_tim.o(.text)
    TIM_GetCounter                           0x08002f0b   Thumb Code     6  stm32f10x_tim.o(.text)
    TIM_GetPrescaler                         0x08002f11   Thumb Code     6  stm32f10x_tim.o(.text)
    TIM_GetFlagStatus                        0x08002f17   Thumb Code    18  stm32f10x_tim.o(.text)
    TIM_ClearFlag                            0x08002f29   Thumb Code     6  stm32f10x_tim.o(.text)
    TIM_GetITStatus                          0x08002f2f   Thumb Code    34  stm32f10x_tim.o(.text)
    TIM_ClearITPendingBit                    0x08002f51   Thumb Code     6  stm32f10x_tim.o(.text)
    ADC_DeInit                               0x08002f59   Thumb Code    78  stm32f10x_adc.o(.text)
    ADC_Init                                 0x08002fa7   Thumb Code    70  stm32f10x_adc.o(.text)
    ADC_StructInit                           0x08002fed   Thumb Code    18  stm32f10x_adc.o(.text)
    ADC_Cmd                                  0x08002fff   Thumb Code    22  stm32f10x_adc.o(.text)
    ADC_DMACmd                               0x08003015   Thumb Code    22  stm32f10x_adc.o(.text)
    ADC_ITConfig                             0x0800302b   Thumb Code    24  stm32f10x_adc.o(.text)
    ADC_ResetCalibration                     0x08003043   Thumb Code    10  stm32f10x_adc.o(.text)
    ADC_GetResetCalibrationStatus            0x0800304d   Thumb Code    20  stm32f10x_adc.o(.text)
    ADC_StartCalibration                     0x08003061   Thumb Code    10  stm32f10x_adc.o(.text)
    ADC_GetCalibrationStatus                 0x0800306b   Thumb Code    20  stm32f10x_adc.o(.text)
    ADC_SoftwareStartConvCmd                 0x0800307f   Thumb Code    22  stm32f10x_adc.o(.text)
    ADC_GetSoftwareStartConvStatus           0x08003095   Thumb Code    20  stm32f10x_adc.o(.text)
    ADC_DiscModeChannelCountConfig           0x080030a9   Thumb Code    24  stm32f10x_adc.o(.text)
    ADC_DiscModeCmd                          0x080030c1   Thumb Code    22  stm32f10x_adc.o(.text)
    ADC_RegularChannelConfig                 0x080030d7   Thumb Code   184  stm32f10x_adc.o(.text)
    ADC_ExternalTrigConvCmd                  0x0800318f   Thumb Code    22  stm32f10x_adc.o(.text)
    ADC_GetConversionValue                   0x080031a5   Thumb Code     8  stm32f10x_adc.o(.text)
    ADC_GetDualModeConversionValue           0x080031ad   Thumb Code     8  stm32f10x_adc.o(.text)
    ADC_AutoInjectedConvCmd                  0x080031b5   Thumb Code    22  stm32f10x_adc.o(.text)
    ADC_InjectedDiscModeCmd                  0x080031cb   Thumb Code    22  stm32f10x_adc.o(.text)
    ADC_ExternalTrigInjectedConvConfig       0x080031e1   Thumb Code    16  stm32f10x_adc.o(.text)
    ADC_ExternalTrigInjectedConvCmd          0x080031f1   Thumb Code    22  stm32f10x_adc.o(.text)
    ADC_SoftwareStartInjectedConvCmd         0x08003207   Thumb Code    22  stm32f10x_adc.o(.text)
    ADC_GetSoftwareStartInjectedConvCmdStatus 0x0800321d   Thumb Code    20  stm32f10x_adc.o(.text)
    ADC_InjectedChannelConfig                0x08003231   Thumb Code   130  stm32f10x_adc.o(.text)
    ADC_InjectedSequencerLengthConfig        0x080032b3   Thumb Code    24  stm32f10x_adc.o(.text)
    ADC_SetInjectedOffset                    0x080032cb   Thumb Code    20  stm32f10x_adc.o(.text)
    ADC_GetInjectedConversionValue           0x080032df   Thumb Code    28  stm32f10x_adc.o(.text)
    ADC_AnalogWatchdogCmd                    0x080032fb   Thumb Code    16  stm32f10x_adc.o(.text)
    ADC_AnalogWatchdogThresholdsConfig       0x0800330b   Thumb Code     6  stm32f10x_adc.o(.text)
    ADC_AnalogWatchdogSingleChannelConfig    0x08003311   Thumb Code    16  stm32f10x_adc.o(.text)
    ADC_TempSensorVrefintCmd                 0x08003321   Thumb Code    64  stm32f10x_adc.o(.text)
    ADC_GetFlagStatus                        0x08003361   Thumb Code    18  stm32f10x_adc.o(.text)
    ADC_ClearFlag                            0x08003373   Thumb Code     6  stm32f10x_adc.o(.text)
    ADC_GetITStatus                          0x08003379   Thumb Code    36  stm32f10x_adc.o(.text)
    ADC_ClearITPendingBit                    0x0800339d   Thumb Code    10  stm32f10x_adc.o(.text)
    DMA_DeInit                               0x080033a9   Thumb Code   324  stm32f10x_dma.o(.text)
    DMA_Init                                 0x080034ed   Thumb Code    60  stm32f10x_dma.o(.text)
    DMA_StructInit                           0x08003529   Thumb Code    26  stm32f10x_dma.o(.text)
    DMA_Cmd                                  0x08003543   Thumb Code    24  stm32f10x_dma.o(.text)
    DMA_ITConfig                             0x0800355b   Thumb Code    18  stm32f10x_dma.o(.text)
    DMA_SetCurrDataCounter                   0x0800356d   Thumb Code     4  stm32f10x_dma.o(.text)
    DMA_GetCurrDataCounter                   0x08003571   Thumb Code     8  stm32f10x_dma.o(.text)
    DMA_GetFlagStatus                        0x08003579   Thumb Code    38  stm32f10x_dma.o(.text)
    DMA_ClearFlag                            0x0800359f   Thumb Code    22  stm32f10x_dma.o(.text)
    DMA_GetITStatus                          0x080035b5   Thumb Code    38  stm32f10x_dma.o(.text)
    DMA_ClearITPendingBit                    0x080035db   Thumb Code    22  stm32f10x_dma.o(.text)
    SystemInit                               0x080036d5   Thumb Code    78  system_stm32f10x.o(.text)
    SystemCoreClockUpdate                    0x08003723   Thumb Code   142  system_stm32f10x.o(.text)
    NMI_Handler                              0x080037d5   Thumb Code     2  stm32f10x_it.o(.text)
    HardFault_Handler                        0x080037d7   Thumb Code     4  stm32f10x_it.o(.text)
    MemManage_Handler                        0x080037db   Thumb Code     4  stm32f10x_it.o(.text)
    Reset_Handler                            0x080037e1   Thumb Code     8  startup_stm32f10x_hd.o(.text)
    BusFault_Handler                         0x080037ef   Thumb Code     2  startup_stm32f10x_hd.o(.text)
    UsageFault_Handler                       0x080037f1   Thumb Code     2  startup_stm32f10x_hd.o(.text)
    SVC_Handler                              0x080037f3   Thumb Code     2  startup_stm32f10x_hd.o(.text)
    DebugMon_Handler                         0x080037f5   Thumb Code     2  startup_stm32f10x_hd.o(.text)
    PendSV_Handler                           0x080037f7   Thumb Code     2  startup_stm32f10x_hd.o(.text)
    ADC1_2_IRQHandler                        0x080037fb   Thumb Code     0  startup_stm32f10x_hd.o(.text)
    ADC3_IRQHandler                          0x080037fb   Thumb Code     0  startup_stm32f10x_hd.o(.text)
    CAN1_SCE_IRQHandler                      0x080037fb   Thumb Code     0  startup_stm32f10x_hd.o(.text)
    DMA1_Channel2_IRQHandler                 0x080037fb   Thumb Code     0  startup_stm32f10x_hd.o(.text)
    DMA1_Channel3_IRQHandler                 0x080037fb   Thumb Code     0  startup_stm32f10x_hd.o(.text)
    DMA1_Channel4_IRQHandler                 0x080037fb   Thumb Code     0  startup_stm32f10x_hd.o(.text)
    DMA1_Channel5_IRQHandler                 0x080037fb   Thumb Code     0  startup_stm32f10x_hd.o(.text)
    DMA1_Channel6_IRQHandler                 0x080037fb   Thumb Code     0  startup_stm32f10x_hd.o(.text)
    DMA1_Channel7_IRQHandler                 0x080037fb   Thumb Code     0  startup_stm32f10x_hd.o(.text)
    DMA2_Channel1_IRQHandler                 0x080037fb   Thumb Code     0  startup_stm32f10x_hd.o(.text)
    DMA2_Channel2_IRQHandler                 0x080037fb   Thumb Code     0  startup_stm32f10x_hd.o(.text)
    DMA2_Channel3_IRQHandler                 0x080037fb   Thumb Code     0  startup_stm32f10x_hd.o(.text)
    DMA2_Channel4_5_IRQHandler               0x080037fb   Thumb Code     0  startup_stm32f10x_hd.o(.text)
    EXTI0_IRQHandler                         0x080037fb   Thumb Code     0  startup_stm32f10x_hd.o(.text)
    EXTI15_10_IRQHandler                     0x080037fb   Thumb Code     0  startup_stm32f10x_hd.o(.text)
    EXTI1_IRQHandler                         0x080037fb   Thumb Code     0  startup_stm32f10x_hd.o(.text)
    EXTI2_IRQHandler                         0x080037fb   Thumb Code     0  startup_stm32f10x_hd.o(.text)
    EXTI3_IRQHandler                         0x080037fb   Thumb Code     0  startup_stm32f10x_hd.o(.text)
    EXTI4_IRQHandler                         0x080037fb   Thumb Code     0  startup_stm32f10x_hd.o(.text)
    EXTI9_5_IRQHandler                       0x080037fb   Thumb Code     0  startup_stm32f10x_hd.o(.text)
    FLASH_IRQHandler                         0x080037fb   Thumb Code     0  startup_stm32f10x_hd.o(.text)
    FSMC_IRQHandler                          0x080037fb   Thumb Code     0  startup_stm32f10x_hd.o(.text)
    I2C1_ER_IRQHandler                       0x080037fb   Thumb Code     0  startup_stm32f10x_hd.o(.text)
    I2C1_EV_IRQHandler                       0x080037fb   Thumb Code     0  startup_stm32f10x_hd.o(.text)
    I2C2_ER_IRQHandler                       0x080037fb   Thumb Code     0  startup_stm32f10x_hd.o(.text)
    I2C2_EV_IRQHandler                       0x080037fb   Thumb Code     0  startup_stm32f10x_hd.o(.text)
    PVD_IRQHandler                           0x080037fb   Thumb Code     0  startup_stm32f10x_hd.o(.text)
    RCC_IRQHandler                           0x080037fb   Thumb Code     0  startup_stm32f10x_hd.o(.text)
    RTCAlarm_IRQHandler                      0x080037fb   Thumb Code     0  startup_stm32f10x_hd.o(.text)
    RTC_IRQHandler                           0x080037fb   Thumb Code     0  startup_stm32f10x_hd.o(.text)
    SDIO_IRQHandler                          0x080037fb   Thumb Code     0  startup_stm32f10x_hd.o(.text)
    SPI1_IRQHandler                          0x080037fb   Thumb Code     0  startup_stm32f10x_hd.o(.text)
    SPI2_IRQHandler                          0x080037fb   Thumb Code     0  startup_stm32f10x_hd.o(.text)
    SPI3_IRQHandler                          0x080037fb   Thumb Code     0  startup_stm32f10x_hd.o(.text)
    TAMPER_IRQHandler                        0x080037fb   Thumb Code     0  startup_stm32f10x_hd.o(.text)
    TIM1_BRK_IRQHandler                      0x080037fb   Thumb Code     0  startup_stm32f10x_hd.o(.text)
    TIM1_CC_IRQHandler                       0x080037fb   Thumb Code     0  startup_stm32f10x_hd.o(.text)
    TIM1_TRG_COM_IRQHandler                  0x080037fb   Thumb Code     0  startup_stm32f10x_hd.o(.text)
    TIM1_UP_IRQHandler                       0x080037fb   Thumb Code     0  startup_stm32f10x_hd.o(.text)
    TIM2_IRQHandler                          0x080037fb   Thumb Code     0  startup_stm32f10x_hd.o(.text)
    TIM3_IRQHandler                          0x080037fb   Thumb Code     0  startup_stm32f10x_hd.o(.text)
    TIM4_IRQHandler                          0x080037fb   Thumb Code     0  startup_stm32f10x_hd.o(.text)
    TIM5_IRQHandler                          0x080037fb   Thumb Code     0  startup_stm32f10x_hd.o(.text)
    TIM6_IRQHandler                          0x080037fb   Thumb Code     0  startup_stm32f10x_hd.o(.text)
    TIM7_IRQHandler                          0x080037fb   Thumb Code     0  startup_stm32f10x_hd.o(.text)
    TIM8_BRK_IRQHandler                      0x080037fb   Thumb Code     0  startup_stm32f10x_hd.o(.text)
    TIM8_CC_IRQHandler                       0x080037fb   Thumb Code     0  startup_stm32f10x_hd.o(.text)
    TIM8_TRG_COM_IRQHandler                  0x080037fb   Thumb Code     0  startup_stm32f10x_hd.o(.text)
    TIM8_UP_IRQHandler                       0x080037fb   Thumb Code     0  startup_stm32f10x_hd.o(.text)
    UART4_IRQHandler                         0x080037fb   Thumb Code     0  startup_stm32f10x_hd.o(.text)
    UART5_IRQHandler                         0x080037fb   Thumb Code     0  startup_stm32f10x_hd.o(.text)
    USART1_IRQHandler                        0x080037fb   Thumb Code     0  startup_stm32f10x_hd.o(.text)
    USART2_IRQHandler                        0x080037fb   Thumb Code     0  startup_stm32f10x_hd.o(.text)
    USBWakeUp_IRQHandler                     0x080037fb   Thumb Code     0  startup_stm32f10x_hd.o(.text)
    USB_HP_CAN1_TX_IRQHandler                0x080037fb   Thumb Code     0  startup_stm32f10x_hd.o(.text)
    WWDG_IRQHandler                          0x080037fb   Thumb Code     0  startup_stm32f10x_hd.o(.text)
    __user_initial_stackheap                 0x080037fd   Thumb Code     0  startup_stm32f10x_hd.o(.text)
    CAN_DeInit                               0x08003821   Thumb Code    50  stm32f10x_can.o(.text)
    CAN_Init                                 0x08003853   Thumb Code   276  stm32f10x_can.o(.text)
    CAN_FilterInit                           0x08003967   Thumb Code   258  stm32f10x_can.o(.text)
    CAN_StructInit                           0x08003a69   Thumb Code    32  stm32f10x_can.o(.text)
    CAN_SlaveStartBank                       0x08003a89   Thumb Code    48  stm32f10x_can.o(.text)
    CAN_DBGFreeze                            0x08003ab9   Thumb Code    22  stm32f10x_can.o(.text)
    CAN_TTComModeCmd                         0x08003acf   Thumb Code   118  stm32f10x_can.o(.text)
    CAN_Transmit                             0x08003b45   Thumb Code   304  stm32f10x_can.o(.text)
    CAN_TransmitStatus                       0x08003c75   Thumb Code   138  stm32f10x_can.o(.text)
    CAN_CancelTransmit                       0x08003cff   Thumb Code    48  stm32f10x_can.o(.text)
    CAN_Receive                              0x08003d2f   Thumb Code   240  stm32f10x_can.o(.text)
    CAN_FIFORelease                          0x08003e1f   Thumb Code    22  stm32f10x_can.o(.text)
    CAN_MessagePending                       0x08003e35   Thumb Code    30  stm32f10x_can.o(.text)
    CAN_OperatingModeRequest                 0x08003e53   Thumb Code   162  stm32f10x_can.o(.text)
    CAN_Sleep                                0x08003ef5   Thumb Code    30  stm32f10x_can.o(.text)
    CAN_WakeUp                               0x08003f13   Thumb Code    48  stm32f10x_can.o(.text)
    CAN_GetLastErrorCode                     0x08003f43   Thumb Code    12  stm32f10x_can.o(.text)
    CAN_GetReceiveErrorCounter               0x08003f4f   Thumb Code    10  stm32f10x_can.o(.text)
    CAN_GetLSBTransmitErrorCounter           0x08003f59   Thumb Code    12  stm32f10x_can.o(.text)
    CAN_ITConfig                             0x08003f65   Thumb Code    18  stm32f10x_can.o(.text)
    CAN_GetFlagStatus                        0x08003f77   Thumb Code   120  stm32f10x_can.o(.text)
    CAN_ClearFlag                            0x08003fef   Thumb Code    52  stm32f10x_can.o(.text)
    CAN_GetITStatus                          0x08004033   Thumb Code   308  stm32f10x_can.o(.text)
    CAN_ClearITPendingBit                    0x08004167   Thumb Code   162  stm32f10x_can.o(.text)
    __aeabi_memclr4                          0x0800420d   Thumb Code     0  rt_memclr_w.o(.text)
    __aeabi_memclr8                          0x0800420d   Thumb Code     0  rt_memclr_w.o(.text)
    __rt_memclr_w                            0x0800420d   Thumb Code    78  rt_memclr_w.o(.text)
    _memset_w                                0x08004211   Thumb Code     0  rt_memclr_w.o(.text)
    __use_two_region_memory                  0x0800425b   Thumb Code     2  heapauxi.o(.text)
    __rt_heap_escrow$2region                 0x0800425d   Thumb Code     2  heapauxi.o(.text)
    __rt_heap_expand$2region                 0x0800425f   Thumb Code     2  heapauxi.o(.text)
    __read_errno                             0x08004261   Thumb Code    10  _rserrno.o(.text)
    __set_errno                              0x0800426b   Thumb Code    12  _rserrno.o(.text)
    __aeabi_errno_addr                       0x08004279   Thumb Code     8  rt_errno_addr_intlibspace.o(.text)
    __errno$intlibspace                      0x08004279   Thumb Code     0  rt_errno_addr_intlibspace.o(.text)
    __rt_errno_addr$intlibspace              0x08004279   Thumb Code     0  rt_errno_addr_intlibspace.o(.text)
    __user_libspace                          0x08004281   Thumb Code     8  libspace.o(.text)
    __user_perproc_libspace                  0x08004281   Thumb Code     0  libspace.o(.text)
    __user_perthread_libspace                0x08004281   Thumb Code     0  libspace.o(.text)
    __user_setup_stackheap                   0x08004289   Thumb Code    74  sys_stackheap_outer.o(.text)
    exit                                     0x080042d3   Thumb Code    12  exit.o(.text)
    _sys_exit                                0x080042e1   Thumb Code     8  sys_exit.o(.text)
    __I$use$semihosting                      0x080042ed   Thumb Code     0  use_no_semi.o(.text)
    __use_no_semihosting_swi                 0x080042ed   Thumb Code     2  use_no_semi.o(.text)
    __ARM_fpclassify                         0x080042ef   Thumb Code    40  fpclassify.o(i.__ARM_fpclassify)
    __semihosting_library_function           0x080042ef   Thumb Code     0  indicate_semi.o(.text)
    __ieee754_rem_pio2                       0x08004319   Thumb Code   832  rred.o(i.__ieee754_rem_pio2)
    __kernel_cos                             0x080046a1   Thumb Code   230  cos_i.o(i.__kernel_cos)
    __kernel_poly                            0x0800479d   Thumb Code   170  poly.o(i.__kernel_poly)
    __kernel_sin                             0x08004849   Thumb Code   224  sin_i.o(i.__kernel_sin)
    __kernel_tan                             0x08004935   Thumb Code   582  tan_i.o(i.__kernel_tan)
    __mathlib_dbl_underflow                  0x08004bad   Thumb Code    10  dunder.o(i.__mathlib_dbl_underflow)
    atan                                     0x08004bbd   Thumb Code   478  atan.o(i.atan)
    cos                                      0x08004de1   Thumb Code   164  cos.o(i.cos)
    sin                                      0x08004e8d   Thumb Code   166  sin.o(i.sin)
    sqrt                                     0x08004f3d   Thumb Code    76  sqrt.o(i.sqrt)
    tan                                      0x08004f89   Thumb Code   106  tan.o(i.tan)
    __aeabi_d2f                              0x08004ffd   Thumb Code     0  d2f.o(x$fpl$d2f)
    _d2f                                     0x08004ffd   Thumb Code    98  d2f.o(x$fpl$d2f)
    __aeabi_dadd                             0x08005061   Thumb Code     0  daddsub_clz.o(x$fpl$dadd)
    _dadd                                    0x08005061   Thumb Code   332  daddsub_clz.o(x$fpl$dadd)
    __fpl_dcheck_NaN1                        0x080051b1   Thumb Code    10  dcheck1.o(x$fpl$dcheck1)
    __aeabi_ddiv                             0x080051c1   Thumb Code     0  ddiv.o(x$fpl$ddiv)
    _ddiv                                    0x080051c1   Thumb Code   552  ddiv.o(x$fpl$ddiv)
    __aeabi_d2iz                             0x08005471   Thumb Code     0  dfix.o(x$fpl$dfix)
    _dfix                                    0x08005471   Thumb Code    94  dfix.o(x$fpl$dfix)
    __aeabi_i2d                              0x080054cf   Thumb Code     0  dflt_clz.o(x$fpl$dflt)
    _dflt                                    0x080054cf   Thumb Code    46  dflt_clz.o(x$fpl$dflt)
    __aeabi_ui2d                             0x080054fd   Thumb Code     0  dflt_clz.o(x$fpl$dfltu)
    _dfltu                                   0x080054fd   Thumb Code    38  dflt_clz.o(x$fpl$dfltu)
    __aeabi_dmul                             0x08005525   Thumb Code     0  dmul.o(x$fpl$dmul)
    _dmul                                    0x08005525   Thumb Code   332  dmul.o(x$fpl$dmul)
    __fpl_dnaninf                            0x08005679   Thumb Code   156  dnaninf.o(x$fpl$dnaninf)
    __fpl_dretinf                            0x08005715   Thumb Code    12  dretinf.o(x$fpl$dretinf)
    __aeabi_drsub                            0x08005721   Thumb Code     0  daddsub_clz.o(x$fpl$drsb)
    _drsb                                    0x08005721   Thumb Code    22  daddsub_clz.o(x$fpl$drsb)
    _dsqrt                                   0x08005739   Thumb Code   456  dsqrt_noumaal.o(x$fpl$dsqrt)
    __aeabi_dsub                             0x08005905   Thumb Code     0  daddsub_clz.o(x$fpl$dsub)
    _dsub                                    0x08005905   Thumb Code   464  daddsub_clz.o(x$fpl$dsub)
    __aeabi_f2d                              0x08005ad9   Thumb Code     0  f2d.o(x$fpl$f2d)
    _f2d                                     0x08005ad9   Thumb Code    86  f2d.o(x$fpl$f2d)
    __aeabi_fadd                             0x08005b31   Thumb Code     0  faddsub_clz.o(x$fpl$fadd)
    _fadd                                    0x08005b31   Thumb Code   196  faddsub_clz.o(x$fpl$fadd)
    __fpl_fcmp_Inf                           0x08005bf5   Thumb Code    24  fcmpi.o(x$fpl$fcmpinf)
    __aeabi_fdiv                             0x08005c0d   Thumb Code     0  fdiv.o(x$fpl$fdiv)
    _fdiv                                    0x08005c0d   Thumb Code   384  fdiv.o(x$fpl$fdiv)
    __aeabi_ui2f                             0x08005d91   Thumb Code     0  fflt_clz.o(x$fpl$ffltu)
    _ffltu                                   0x08005d91   Thumb Code    38  fflt_clz.o(x$fpl$ffltu)
    __aeabi_cfcmple                          0x08005db9   Thumb Code     0  fleqf.o(x$fpl$fleqf)
    _fcmple                                  0x08005db9   Thumb Code   104  fleqf.o(x$fpl$fleqf)
    __fpl_fcmple_InfNaN                      0x08005e0b   Thumb Code     0  fleqf.o(x$fpl$fleqf)
    __aeabi_fmul                             0x08005e21   Thumb Code     0  fmul.o(x$fpl$fmul)
    _fmul                                    0x08005e21   Thumb Code   258  fmul.o(x$fpl$fmul)
    __fpl_fnaninf                            0x08005f23   Thumb Code   140  fnaninf.o(x$fpl$fnaninf)
    __fpl_fretinf                            0x08005faf   Thumb Code    10  fretinf.o(x$fpl$fretinf)
    __aeabi_cfrcmple                         0x08005fb9   Thumb Code     0  frleqf.o(x$fpl$frleqf)
    _frcmple                                 0x08005fb9   Thumb Code    98  frleqf.o(x$fpl$frleqf)
    __aeabi_frsub                            0x0800601b   Thumb Code     0  faddsub_clz.o(x$fpl$frsb)
    _frsb                                    0x0800601b   Thumb Code    20  faddsub_clz.o(x$fpl$frsb)
    __aeabi_fsub                             0x08006031   Thumb Code     0  faddsub_clz.o(x$fpl$fsub)
    _fsub                                    0x08006031   Thumb Code   234  faddsub_clz.o(x$fpl$fsub)
    __fpl_return_NaN                         0x0800611b   Thumb Code   100  retnan.o(x$fpl$retnan)
    __ARM_scalbn                             0x0800617f   Thumb Code    92  scalbn.o(x$fpl$scalbn)
    __fpl_cmpreturn                          0x080061db   Thumb Code    48  trapv.o(x$fpl$trapveneer)
    __I$use$fp                               0x0800620a   Number         0  usenofp.o(x$fpl$usenofp)
    Region$$Table$$Base                      0x08006428   Number         0  anon$$obj.o(Region$$Table)
    Region$$Table$$Limit                     0x08006448   Number         0  anon$$obj.o(Region$$Table)
    radar_command                            0x20000070   Data          28  radar_global.o(.data)
    radar                                    0x2000008c   Data          60  radar_global.o(.data)
    steer                                    0x200000c8   Data          20  steer_global.o(.data)
    infrared                                 0x200000dc   Data          12  infrared_global.o(.data)
    bluetooth                                0x20000100   Data          20  bluetooth_global.o(.data)
    TimingDelay                              0x20000128   Data           4  delay.o(.data)
    SystemCoreClock                          0x2000012c   Data           4  system_stm32f10x.o(.data)
    AHBPrescTable                            0x20000130   Data          16  system_stm32f10x.o(.data)
    __libspace_start                         0x20000e70   Data          96  libspace.o(.bss)
    __temporary_stack_top$libspace           0x20000ed0   Data           0  libspace.o(.bss)



==============================================================================

Memory Map of the image

  Image Entry point : 0x08000131

  Load Region LR_IROM1 (Base: 0x08000000, Size: 0x00006588, Max: 0x00040000, ABSOLUTE, COMPRESSED[0x0000650c])

    Execution Region ER_IROM1 (Base: 0x08000000, Size: 0x00006448, Max: 0x00040000, ABSOLUTE)

    Base Addr    Size         Type   Attr      Idx    E Section Name        Object

    0x08000000   0x00000130   Data   RO          430    RESET               startup_stm32f10x_hd.o
    0x08000130   0x00000008   Code   RO          454  * !!!main             c_w.l(__main.o)
    0x08000138   0x00000034   Code   RO          758    !!!scatter          c_w.l(__scatter.o)
    0x0800016c   0x0000005a   Code   RO          756    !!dczerorl2         c_w.l(__dczerorl2.o)
    0x080001c6   0x00000002   PAD
    0x080001c8   0x0000001c   Code   RO          760    !!handler_zi        c_w.l(__scatter_zi.o)
    0x080001e4   0x00000002   Code   RO          628    .ARM.Collect$$libinit$$00000000  c_w.l(libinit.o)
    0x080001e6   0x00000000   Code   RO          634    .ARM.Collect$$libinit$$00000002  c_w.l(libinit2.o)
    0x080001e6   0x00000000   Code   RO          637    .ARM.Collect$$libinit$$00000008  c_w.l(libinit2.o)
    0x080001e6   0x00000000   Code   RO          639    .ARM.Collect$$libinit$$0000000A  c_w.l(libinit2.o)
    0x080001e6   0x00000000   Code   RO          641    .ARM.Collect$$libinit$$0000000C  c_w.l(libinit2.o)
    0x080001e6   0x00000000   Code   RO          644    .ARM.Collect$$libinit$$0000000F  c_w.l(libinit2.o)
    0x080001e6   0x00000000   Code   RO          646    .ARM.Collect$$libinit$$00000011  c_w.l(libinit2.o)
    0x080001e6   0x00000000   Code   RO          648    .ARM.Collect$$libinit$$00000013  c_w.l(libinit2.o)
    0x080001e6   0x00000000   Code   RO          650    .ARM.Collect$$libinit$$00000015  c_w.l(libinit2.o)
    0x080001e6   0x00000000   Code   RO          652    .ARM.Collect$$libinit$$00000017  c_w.l(libinit2.o)
    0x080001e6   0x00000000   Code   RO          654    .ARM.Collect$$libinit$$00000019  c_w.l(libinit2.o)
    0x080001e6   0x00000000   Code   RO          656    .ARM.Collect$$libinit$$0000001B  c_w.l(libinit2.o)
    0x080001e6   0x00000000   Code   RO          658    .ARM.Collect$$libinit$$0000001D  c_w.l(libinit2.o)
    0x080001e6   0x00000000   Code   RO          660    .ARM.Collect$$libinit$$0000001F  c_w.l(libinit2.o)
    0x080001e6   0x00000000   Code   RO          662    .ARM.Collect$$libinit$$00000021  c_w.l(libinit2.o)
    0x080001e6   0x00000000   Code   RO          664    .ARM.Collect$$libinit$$00000023  c_w.l(libinit2.o)
    0x080001e6   0x00000000   Code   RO          668    .ARM.Collect$$libinit$$0000002A  c_w.l(libinit2.o)
    0x080001e6   0x00000000   Code   RO          670    .ARM.Collect$$libinit$$0000002C  c_w.l(libinit2.o)
    0x080001e6   0x00000000   Code   RO          672    .ARM.Collect$$libinit$$0000002E  c_w.l(libinit2.o)
    0x080001e6   0x00000000   Code   RO          674    .ARM.Collect$$libinit$$00000030  c_w.l(libinit2.o)
    0x080001e6   0x00000002   Code   RO          675    .ARM.Collect$$libinit$$00000031  c_w.l(libinit2.o)
    0x080001e8   0x00000002   Code   RO          697    .ARM.Collect$$libshutdown$$00000000  c_w.l(libshutdown.o)
    0x080001ea   0x00000000   Code   RO          711    .ARM.Collect$$libshutdown$$00000003  c_w.l(libshutdown2.o)
    0x080001ea   0x00000000   Code   RO          714    .ARM.Collect$$libshutdown$$00000006  c_w.l(libshutdown2.o)
    0x080001ea   0x00000000   Code   RO          717    .ARM.Collect$$libshutdown$$00000009  c_w.l(libshutdown2.o)
    0x080001ea   0x00000000   Code   RO          719    .ARM.Collect$$libshutdown$$0000000B  c_w.l(libshutdown2.o)
    0x080001ea   0x00000000   Code   RO          722    .ARM.Collect$$libshutdown$$0000000E  c_w.l(libshutdown2.o)
    0x080001ea   0x00000002   Code   RO          723    .ARM.Collect$$libshutdown$$0000000F  c_w.l(libshutdown2.o)
    0x080001ec   0x00000000   Code   RO          546    .ARM.Collect$$rtentry$$00000000  c_w.l(rtentry.o)
    0x080001ec   0x00000000   Code   RO          593    .ARM.Collect$$rtentry$$00000002  c_w.l(rtentry2.o)
    0x080001ec   0x00000006   Code   RO          605    .ARM.Collect$$rtentry$$00000004  c_w.l(rtentry4.o)
    0x080001f2   0x00000000   Code   RO          595    .ARM.Collect$$rtentry$$00000009  c_w.l(rtentry2.o)
    0x080001f2   0x00000004   Code   RO          596    .ARM.Collect$$rtentry$$0000000A  c_w.l(rtentry2.o)
    0x080001f6   0x00000000   Code   RO          598    .ARM.Collect$$rtentry$$0000000C  c_w.l(rtentry2.o)
    0x080001f6   0x00000008   Code   RO          599    .ARM.Collect$$rtentry$$0000000D  c_w.l(rtentry2.o)
    0x080001fe   0x00000002   Code   RO          631    .ARM.Collect$$rtexit$$00000000  c_w.l(rtexit.o)
    0x08000200   0x00000000   Code   RO          679    .ARM.Collect$$rtexit$$00000002  c_w.l(rtexit2.o)
    0x08000200   0x00000004   Code   RO          680    .ARM.Collect$$rtexit$$00000003  c_w.l(rtexit2.o)
    0x08000204   0x00000006   Code   RO          681    .ARM.Collect$$rtexit$$00000004  c_w.l(rtexit2.o)
    0x0800020a   0x00000002   PAD
    0x0800020c   0x00000024   Code   RO            1    .text               main.o
    0x08000230   0x00000c2c   Code   RO           75    .text               radar.o
    0x08000e5c   0x00000104   Code   RO          134    .text               steer.o
    0x08000f60   0x00000260   Code   RO          183    .text               infrared.o
    0x080011c0   0x00000128   Code   RO          204    .text               bluetooth.o
    0x080012e8   0x0000041a   Code   RO          241    .text               stm32f10x_usart.o
    0x08001702   0x00000002   PAD
    0x08001704   0x00000358   Code   RO          253    .text               stm32f10x_gpio.o
    0x08001a5c   0x000003a4   Code   RO          265    .text               stm32f10x_rcc.o
    0x08001e00   0x000000dc   Code   RO          279    .text               misc.o
    0x08001edc   0x000000d0   Code   RO          291    .text               delay.o
    0x08001fac   0x00000190   Code   RO          313    .text               can.o
    0x0800213c   0x00000e1a   Code   RO          342    .text               stm32f10x_tim.o
    0x08002f56   0x00000002   PAD
    0x08002f58   0x0000044e   Code   RO          354    .text               stm32f10x_adc.o
    0x080033a6   0x00000002   PAD
    0x080033a8   0x00000250   Code   RO          366    .text               stm32f10x_dma.o
    0x080035f8   0x000001dc   Code   RO          378    .text               system_stm32f10x.o
    0x080037d4   0x0000000a   Code   RO          409    .text               stm32f10x_it.o
    0x080037de   0x00000002   PAD
    0x080037e0   0x00000040   Code   RO          431    .text               startup_stm32f10x_hd.o
    0x08003820   0x000009ec   Code   RO          436    .text               stm32f10x_can.o
    0x0800420c   0x0000004e   Code   RO          450    .text               c_w.l(rt_memclr_w.o)
    0x0800425a   0x00000006   Code   RO          452    .text               c_w.l(heapauxi.o)
    0x08004260   0x00000016   Code   RO          547    .text               c_w.l(_rserrno.o)
    0x08004276   0x00000002   PAD
    0x08004278   0x00000008   Code   RO          610    .text               c_w.l(rt_errno_addr_intlibspace.o)
    0x08004280   0x00000008   Code   RO          616    .text               c_w.l(libspace.o)
    0x08004288   0x0000004a   Code   RO          619    .text               c_w.l(sys_stackheap_outer.o)
    0x080042d2   0x0000000c   Code   RO          621    .text               c_w.l(exit.o)
    0x080042de   0x00000002   PAD
    0x080042e0   0x0000000c   Code   RO          689    .text               c_w.l(sys_exit.o)
    0x080042ec   0x00000002   Code   RO          700    .text               c_w.l(use_no_semi.o)
    0x080042ee   0x00000000   Code   RO          702    .text               c_w.l(indicate_semi.o)
    0x080042ee   0x00000028   Code   RO          571    i.__ARM_fpclassify  m_ws.l(fpclassify.o)
    0x08004316   0x00000002   PAD
    0x08004318   0x00000388   Code   RO          575    i.__ieee754_rem_pio2  m_ws.l(rred.o)
    0x080046a0   0x000000fc   Code   RO          566    i.__kernel_cos      m_ws.l(cos_i.o)
    0x0800479c   0x000000aa   Code   RO          573    i.__kernel_poly     m_ws.l(poly.o)
    0x08004846   0x00000002   PAD
    0x08004848   0x000000ec   Code   RO          580    i.__kernel_sin      m_ws.l(sin_i.o)
    0x08004934   0x00000278   Code   RO          586    i.__kernel_tan      m_ws.l(tan_i.o)
    0x08004bac   0x00000010   Code   RO          569    i.__mathlib_dbl_underflow  m_ws.l(dunder.o)
    0x08004bbc   0x00000224   Code   RO          505    i.atan              m_ws.l(atan.o)
    0x08004de0   0x000000ac   Code   RO          515    i.cos               m_ws.l(cos.o)
    0x08004e8c   0x000000b0   Code   RO          523    i.sin               m_ws.l(sin.o)
    0x08004f3c   0x0000004c   Code   RO          531    i.sqrt              m_ws.l(sqrt.o)
    0x08004f88   0x00000074   Code   RO          539    i.tan               m_ws.l(tan.o)
    0x08004ffc   0x00000062   Code   RO          456    x$fpl$d2f           fz_ws.l(d2f.o)
    0x0800505e   0x00000002   PAD
    0x08005060   0x00000150   Code   RO          458    x$fpl$dadd          fz_ws.l(daddsub_clz.o)
    0x080051b0   0x00000010   Code   RO          612    x$fpl$dcheck1       fz_ws.l(dcheck1.o)
    0x080051c0   0x000002b0   Code   RO          465    x$fpl$ddiv          fz_ws.l(ddiv.o)
    0x08005470   0x0000005e   Code   RO          468    x$fpl$dfix          fz_ws.l(dfix.o)
    0x080054ce   0x0000002e   Code   RO          473    x$fpl$dflt          fz_ws.l(dflt_clz.o)
    0x080054fc   0x00000026   Code   RO          472    x$fpl$dfltu         fz_ws.l(dflt_clz.o)
    0x08005522   0x00000002   PAD
    0x08005524   0x00000154   Code   RO          478    x$fpl$dmul          fz_ws.l(dmul.o)
    0x08005678   0x0000009c   Code   RO          551    x$fpl$dnaninf       fz_ws.l(dnaninf.o)
    0x08005714   0x0000000c   Code   RO          553    x$fpl$dretinf       fz_ws.l(dretinf.o)
    0x08005720   0x00000016   Code   RO          459    x$fpl$drsb          fz_ws.l(daddsub_clz.o)
    0x08005736   0x00000002   PAD
    0x08005738   0x000001cc   Code   RO          555    x$fpl$dsqrt         fz_ws.l(dsqrt_noumaal.o)
    0x08005904   0x000001d4   Code   RO          460    x$fpl$dsub          fz_ws.l(daddsub_clz.o)
    0x08005ad8   0x00000056   Code   RO          480    x$fpl$f2d           fz_ws.l(f2d.o)
    0x08005b2e   0x00000002   PAD
    0x08005b30   0x000000c4   Code   RO          482    x$fpl$fadd          fz_ws.l(faddsub_clz.o)
    0x08005bf4   0x00000018   Code   RO          557    x$fpl$fcmpinf       fz_ws.l(fcmpi.o)
    0x08005c0c   0x00000184   Code   RO          489    x$fpl$fdiv          fz_ws.l(fdiv.o)
    0x08005d90   0x00000026   Code   RO          492    x$fpl$ffltu         fz_ws.l(fflt_clz.o)
    0x08005db6   0x00000002   PAD
    0x08005db8   0x00000068   Code   RO          498    x$fpl$fleqf         fz_ws.l(fleqf.o)
    0x08005e20   0x00000102   Code   RO          500    x$fpl$fmul          fz_ws.l(fmul.o)
    0x08005f22   0x0000008c   Code   RO          559    x$fpl$fnaninf       fz_ws.l(fnaninf.o)
    0x08005fae   0x0000000a   Code   RO          561    x$fpl$fretinf       fz_ws.l(fretinf.o)
    0x08005fb8   0x00000062   Code   RO          502    x$fpl$frleqf        fz_ws.l(frleqf.o)
    0x0800601a   0x00000014   Code   RO          483    x$fpl$frsb          fz_ws.l(faddsub_clz.o)
    0x0800602e   0x00000002   PAD
    0x08006030   0x000000ea   Code   RO          484    x$fpl$fsub          fz_ws.l(faddsub_clz.o)
    0x0800611a   0x00000064   Code   RO          629    x$fpl$retnan        fz_ws.l(retnan.o)
    0x0800617e   0x0000005c   Code   RO          563    x$fpl$scalbn        fz_ws.l(scalbn.o)
    0x080061da   0x00000030   Code   RO          676    x$fpl$trapveneer    fz_ws.l(trapv.o)
    0x0800620a   0x00000000   Code   RO          565    x$fpl$usenofp       fz_ws.l(usenofp.o)
    0x0800620a   0x00000006   PAD
    0x08006210   0x00000098   Data   RO          506    .constdata          m_ws.l(atan.o)
    0x080062a8   0x00000030   Data   RO          567    .constdata          m_ws.l(cos_i.o)
    0x080062d8   0x000000c8   Data   RO          577    .constdata          m_ws.l(rred.o)
    0x080063a0   0x00000028   Data   RO          581    .constdata          m_ws.l(sin_i.o)
    0x080063c8   0x00000060   Data   RO          587    .constdata          m_ws.l(tan_i.o)
    0x08006428   0x00000020   Data   RO          754    Region$$Table       anon$$obj.o


    Execution Region RW_IRAM1 (Base: 0x20000000, Size: 0x000014d0, Max: 0x00010000, ABSOLUTE, COMPRESSED[0x000000c4])

    Base Addr    Size         Type   Attr      Idx    E Section Name        Object

    0x20000000   0x0000006d   Data   RW           77    .data               radar.o
    0x2000006d   0x00000003   PAD
    0x20000070   0x00000058   Data   RW          119    .data               radar_global.o
    0x200000c8   0x00000014   Data   RW          156    .data               steer_global.o
    0x200000dc   0x0000000c   Data   RW          168    .data               infrared_global.o
    0x200000e8   0x00000018   Data   RW          184    .data               infrared.o
    0x20000100   0x00000014   Data   RW          226    .data               bluetooth_global.o
    0x20000114   0x00000014   Data   RW          266    .data               stm32f10x_rcc.o
    0x20000128   0x00000004   Data   RW          292    .data               delay.o
    0x2000012c   0x00000014   Data   RW          379    .data               system_stm32f10x.o
    0x20000140   0x00000d30   Zero   RW           76    .bss                radar.o
    0x20000e70   0x00000060   Zero   RW          617    .bss                c_w.l(libspace.o)
    0x20000ed0   0x00000200   Zero   RW          429    HEAP                startup_stm32f10x_hd.o
    0x200010d0   0x00000400   Zero   RW          428    STACK               startup_stm32f10x_hd.o


==============================================================================

Image component sizes


      Code (inc. data)   RO Data    RW Data    ZI Data      Debug   Object Name

       296         16          0          0          0       1679   bluetooth.o
         0          0          0         20          0        184   bluetooth_global.o
       400         12          0          0          0       1868   can.o
       208         16          0          4          0      16803   delay.o
       608         56          0         24          0      11107   infrared.o
         0          0          0         12          0        527   infrared_global.o
        36         10          0          0          0     240375   main.o
       220         20          0          0          0       1665   misc.o
      3116        122          0        109       3376      36328   radar.o
         0          0          0         88          0        214   radar_global.o
        64         26        304          0       1536        760   startup_stm32f10x_hd.o
       260         16          0          0          0       1500   steer.o
         0          0          0         20          0        168   steer_global.o
      1102         26          0          0          0      10701   stm32f10x_adc.o
      2540         38          0          0          0       7716   stm32f10x_can.o
       592          8          0          0          0       4194   stm32f10x_dma.o
       856         40          0          0          0       5513   stm32f10x_gpio.o
        10          0          0          0          0        538   stm32f10x_it.o
       932         44          0         20          0       8620   stm32f10x_rcc.o
      3610         88          0          0          0      21996   stm32f10x_tim.o
      1050         20          0          0          0       8276   stm32f10x_usart.o
       476         36          0         20          0       1535   system_stm32f10x.o

    ----------------------------------------------------------------------
     16384        594        336        320       4912     382267   Object Totals
         0          0         32          0          0          0   (incl. Generated)
         8          0          0          3          0          0   (incl. Padding)

    ----------------------------------------------------------------------

      Code (inc. data)   RO Data    RW Data    ZI Data      Debug   Library Member Name

        90          0          0          0          0          0   __dczerorl2.o
         8          0          0          0          0         68   __main.o
        52          8          0          0          0          0   __scatter.o
        28          0          0          0          0          0   __scatter_zi.o
        22          0          0          0          0        100   _rserrno.o
        12          0          0          0          0         72   exit.o
         6          0          0          0          0        152   heapauxi.o
         0          0          0          0          0          0   indicate_semi.o
         2          0          0          0          0          0   libinit.o
         2          0          0          0          0          0   libinit2.o
         2          0          0          0          0          0   libshutdown.o
         2          0          0          0          0          0   libshutdown2.o
         8          4          0          0         96         68   libspace.o
         8          4          0          0          0         68   rt_errno_addr_intlibspace.o
        78          0          0          0          0         80   rt_memclr_w.o
         0          0          0          0          0          0   rtentry.o
        12          0          0          0          0          0   rtentry2.o
         6          0          0          0          0          0   rtentry4.o
         2          0          0          0          0          0   rtexit.o
        10          0          0          0          0          0   rtexit2.o
        12          4          0          0          0         68   sys_exit.o
        74          0          0          0          0         80   sys_stackheap_outer.o
         2          0          0          0          0         68   use_no_semi.o
        98          4          0          0          0         92   d2f.o
       826         16          0          0          0        348   daddsub_clz.o
        16          4          0          0          0         68   dcheck1.o
       688        140          0          0          0        208   ddiv.o
        94          4          0          0          0         92   dfix.o
        84          0          0          0          0        136   dflt_clz.o
       340         12          0          0          0        104   dmul.o
       156          4          0          0          0         92   dnaninf.o
        12          0          0          0          0         68   dretinf.o
       460         56          0          0          0        120   dsqrt_noumaal.o
        86          4          0          0          0         84   f2d.o
       450          8          0          0          0        236   faddsub_clz.o
        24          0          0          0          0         68   fcmpi.o
       388         76          0          0          0         96   fdiv.o
        38          0          0          0          0         68   fflt_clz.o
       104          4          0          0          0         84   fleqf.o
       258          4          0          0          0         84   fmul.o
       140          4          0          0          0         84   fnaninf.o
        10          0          0          0          0         68   fretinf.o
        98          0          0          0          0         68   frleqf.o
       100          0          0          0          0         68   retnan.o
        92          0          0          0          0         68   scalbn.o
        48          0          0          0          0         68   trapv.o
         0          0          0          0          0          0   usenofp.o
       548         70        152          0          0        124   atan.o
       172          8          0          0          0        112   cos.o
       252         22         48          0          0        124   cos_i.o
        16          6          0          0          0         68   dunder.o
        40          0          0          0          0         68   fpclassify.o
       170          0          0          0          0         96   poly.o
       904         72        200          0          0        140   rred.o
       176         10          0          0          0        116   sin.o
       236         12         40          0          0        128   sin_i.o
        76          0          0          0          0         84   sqrt.o
       116         10          0          0          0        104   tan.o
       632         50         96          0          0        168   tan_i.o

    ----------------------------------------------------------------------
      8416        620        536          0         96       4628   Library Totals
        30          0          0          0          0          0   (incl. Padding)

    ----------------------------------------------------------------------

      Code (inc. data)   RO Data    RW Data    ZI Data      Debug   Library Name

       438         20          0          0         96        824   c_w.l
      4610        340          0          0          0       2472   fz_ws.l
      3338        260        536          0          0       1332   m_ws.l

    ----------------------------------------------------------------------
      8416        620        536          0         96       4628   Library Totals

    ----------------------------------------------------------------------

==============================================================================


      Code (inc. data)   RO Data    RW Data    ZI Data      Debug   

     24800       1214        872        320       5008     382735   Grand Totals
     24800       1214        872        196       5008     382735   ELF Image Totals (compressed)
     24800       1214        872        196          0          0   ROM Totals

==============================================================================

    Total RO  Size (Code + RO Data)                25672 (  25.07kB)
    Total RW  Size (RW Data + ZI Data)              5328 (   5.20kB)
    Total ROM Size (Code + RO Data + RW Data)      25868 (  25.26kB)

==============================================================================

